Archive member included to satisfy reference by file (symbol)

/usr/lib/gcc/arm-none-eabi/4.8/armv6-m/libgcc.a(_udivsi3.o)
                              ./system/src/stm32f0xx/stm32f0xx_hal.o (__aeabi_uidiv)
/usr/lib/gcc/arm-none-eabi/4.8/armv6-m/libgcc.a(_dvmd_tls.o)
                              /usr/lib/gcc/arm-none-eabi/4.8/armv6-m/libgcc.a(_udivsi3.o) (__aeabi_idiv0)
/usr/lib/gcc/arm-none-eabi/4.8/armv6-m/libgcc.a(unwind-arm.o)
                              ./system/src/newlib/_cxx.o (__aeabi_unwind_cpp_pr1)
/usr/lib/gcc/arm-none-eabi/4.8/armv6-m/libgcc.a(libunwind.o)
                              /usr/lib/gcc/arm-none-eabi/4.8/armv6-m/libgcc.a(unwind-arm.o) (restore_core_regs)
/usr/lib/gcc/arm-none-eabi/4.8/armv6-m/libgcc.a(pr-support.o)
                              /usr/lib/gcc/arm-none-eabi/4.8/armv6-m/libgcc.a(unwind-arm.o) (__gnu_unwind_execute)
/usr/lib/gcc/arm-none-eabi/4.8/../../../arm-none-eabi/lib/armv6-m/libg_nano.a(lib_a-errno.o)
                              ./system/src/newlib/_sbrk.o (__errno)
/usr/lib/gcc/arm-none-eabi/4.8/../../../arm-none-eabi/lib/armv6-m/libg_nano.a(lib_a-impure.o)
                              /usr/lib/gcc/arm-none-eabi/4.8/../../../arm-none-eabi/lib/armv6-m/libg_nano.a(lib_a-errno.o) (_impure_ptr)
/usr/lib/gcc/arm-none-eabi/4.8/../../../arm-none-eabi/lib/armv6-m/libg_nano.a(lib_a-init.o)
                              ./system/src/cmsis/startup_stm32f030x6.o (__libc_init_array)
/usr/lib/gcc/arm-none-eabi/4.8/../../../arm-none-eabi/lib/armv6-m/libg_nano.a(lib_a-memcpy-stub.o)
                              ./system/src/stm32f0xx/stm32f0xx_hal_rcc.o (memcpy)
/usr/lib/gcc/arm-none-eabi/4.8/../../../arm-none-eabi/lib/armv6-m/libg_nano.a(lib_a-strlen.o)
                              ./system/src/diag/Trace.o (strlen)
/usr/lib/gcc/arm-none-eabi/4.8/../../../arm-none-eabi/lib/armv6-m/libg_nano.a(lib_a-vsnprintf.o)
                              ./system/src/diag/Trace.o (vsnprintf)
/usr/lib/gcc/arm-none-eabi/4.8/../../../arm-none-eabi/lib/armv6-m/libg_nano.a(lib_a-nano-svfprintf.o)
                              /usr/lib/gcc/arm-none-eabi/4.8/../../../arm-none-eabi/lib/armv6-m/libg_nano.a(lib_a-vsnprintf.o) (_svfprintf_r)
/usr/lib/gcc/arm-none-eabi/4.8/../../../arm-none-eabi/lib/armv6-m/libg_nano.a(lib_a-nano-vfprintf_i.o)
                              /usr/lib/gcc/arm-none-eabi/4.8/../../../arm-none-eabi/lib/armv6-m/libg_nano.a(lib_a-nano-svfprintf.o) (_printf_i)
/usr/lib/gcc/arm-none-eabi/4.8/../../../arm-none-eabi/lib/armv6-m/libg_nano.a(lib_a-memchr-stub.o)
                              /usr/lib/gcc/arm-none-eabi/4.8/../../../arm-none-eabi/lib/armv6-m/libg_nano.a(lib_a-nano-svfprintf.o) (memchr)
/usr/lib/gcc/arm-none-eabi/4.8/../../../arm-none-eabi/lib/armv6-m/libg_nano.a(lib_a-memmove.o)
                              /usr/lib/gcc/arm-none-eabi/4.8/../../../arm-none-eabi/lib/armv6-m/libg_nano.a(lib_a-nano-svfprintf.o) (memmove)
/usr/lib/gcc/arm-none-eabi/4.8/../../../arm-none-eabi/lib/armv6-m/libg_nano.a(lib_a-nano-freer.o)
                              /usr/lib/gcc/arm-none-eabi/4.8/../../../arm-none-eabi/lib/armv6-m/libg_nano.a(lib_a-nano-svfprintf.o) (_free_r)
/usr/lib/gcc/arm-none-eabi/4.8/../../../arm-none-eabi/lib/armv6-m/libg_nano.a(lib_a-nano-mallocr.o)
                              /usr/lib/gcc/arm-none-eabi/4.8/../../../arm-none-eabi/lib/armv6-m/libg_nano.a(lib_a-nano-svfprintf.o) (_malloc_r)
/usr/lib/gcc/arm-none-eabi/4.8/../../../arm-none-eabi/lib/armv6-m/libg_nano.a(lib_a-nano-reallocr.o)
                              /usr/lib/gcc/arm-none-eabi/4.8/../../../arm-none-eabi/lib/armv6-m/libg_nano.a(lib_a-nano-svfprintf.o) (_realloc_r)
/usr/lib/gcc/arm-none-eabi/4.8/../../../arm-none-eabi/lib/armv6-m/libg_nano.a(lib_a-sbrkr.o)
                              /usr/lib/gcc/arm-none-eabi/4.8/../../../arm-none-eabi/lib/armv6-m/libg_nano.a(lib_a-nano-mallocr.o) (_sbrk_r)
/usr/lib/gcc/arm-none-eabi/4.8/../../../arm-none-eabi/lib/armv6-m/libg_nano.a(lib_a-nano-msizer.o)
                              /usr/lib/gcc/arm-none-eabi/4.8/../../../arm-none-eabi/lib/armv6-m/libg_nano.a(lib_a-nano-reallocr.o) (_malloc_usable_size_r)

Allocating common symbols
Common symbol       size              file

errno               0x4               ./system/src/newlib/_syscalls.o
pFlash              0x20              ./system/src/stm32f0xx/stm32f0xx_hal_flash.o
hdma_adc            0x38              ./src/adc.o
hadc                0x4c              ./src/adc.o
ADC1ConvertedValues
                    0x1000            ./src/main.o

Discarded input sections

 .group         0x0000000000000000        0x8 ./system/src/stm32f0xx/stm32f0xx_hal.o
 .group         0x0000000000000000        0x8 ./system/src/stm32f0xx/stm32f0xx_hal.o
 .group         0x0000000000000000        0x8 ./system/src/stm32f0xx/stm32f0xx_hal.o
 .group         0x0000000000000000        0x8 ./system/src/stm32f0xx/stm32f0xx_hal.o
 .group         0x0000000000000000        0x8 ./system/src/stm32f0xx/stm32f0xx_hal.o
[...]
Memory Configuration

Name             Origin             Length             Attributes
FLASH            0x0000000008000000 0x0000000000004000 xr
RAM              0x0000000020000000 0x0000000000001000 xrw
CCMRAM           0x0000000010000000 0x0000000000000000 xrw
FLASHB1          0x0000000000000000 0x0000000000000000 xr
EXTMEMB0         0x0000000000000000 0x0000000000000000 xr
EXTMEMB1         0x0000000000000000 0x0000000000000000 xr
EXTMEMB2         0x0000000000000000 0x0000000000000000 xr
EXTMEMB3         0x0000000000000000 0x0000000000000000 xr
*default*        0x0000000000000000 0xffffffffffffffff

Linker script and memory map

LOAD ./system/src/stm32f0xx/stm32f0xx_hal.o
LOAD ./system/src/stm32f0xx/stm32f0xx_hal_adc.o
LOAD ./system/src/stm32f0xx/stm32f0xx_hal_adc_ex.o
LOAD ./system/src/stm32f0xx/stm32f0xx_hal_can.o
LOAD ./system/src/stm32f0xx/stm32f0xx_hal_cec.o
LOAD ./system/src/stm32f0xx/stm32f0xx_hal_comp.o
LOAD ./system/src/stm32f0xx/stm32f0xx_hal_cortex.o
LOAD ./system/src/stm32f0xx/stm32f0xx_hal_crc.o
LOAD ./system/src/stm32f0xx/stm32f0xx_hal_crc_ex.o
LOAD ./system/src/stm32f0xx/stm32f0xx_hal_dac.o
LOAD ./system/src/stm32f0xx/stm32f0xx_hal_dac_ex.o
LOAD ./system/src/stm32f0xx/stm32f0xx_hal_dma.o
LOAD ./system/src/stm32f0xx/stm32f0xx_hal_flash.o
LOAD ./system/src/stm32f0xx/stm32f0xx_hal_flash_ex.o
LOAD ./system/src/stm32f0xx/stm32f0xx_hal_gpio.o
LOAD ./system/src/stm32f0xx/stm32f0xx_hal_i2c.o
LOAD ./system/src/stm32f0xx/stm32f0xx_hal_i2c_ex.o
LOAD ./system/src/stm32f0xx/stm32f0xx_hal_i2s.o
LOAD ./system/src/stm32f0xx/stm32f0xx_hal_irda.o
LOAD ./system/src/stm32f0xx/stm32f0xx_hal_iwdg.o
LOAD ./system/src/stm32f0xx/stm32f0xx_hal_msp_template.o
LOAD ./system/src/stm32f0xx/stm32f0xx_hal_pcd.o
LOAD ./system/src/stm32f0xx/stm32f0xx_hal_pcd_ex.o
LOAD ./system/src/stm32f0xx/stm32f0xx_hal_pwr.o
LOAD ./system/src/stm32f0xx/stm32f0xx_hal_pwr_ex.o
LOAD ./system/src/stm32f0xx/stm32f0xx_hal_rcc.o
LOAD ./system/src/stm32f0xx/stm32f0xx_hal_rcc_ex.o
LOAD ./system/src/stm32f0xx/stm32f0xx_hal_rtc.o
LOAD ./system/src/stm32f0xx/stm32f0xx_hal_rtc_ex.o
LOAD ./system/src/stm32f0xx/stm32f0xx_hal_smartcard.o
LOAD ./system/src/stm32f0xx/stm32f0xx_hal_smartcard_ex.o
LOAD ./system/src/stm32f0xx/stm32f0xx_hal_smbus.o
LOAD ./system/src/stm32f0xx/stm32f0xx_hal_spi.o
LOAD ./system/src/stm32f0xx/stm32f0xx_hal_spi_ex.o
LOAD ./system/src/stm32f0xx/stm32f0xx_hal_tim.o
LOAD ./system/src/stm32f0xx/stm32f0xx_hal_tim_ex.o
LOAD ./system/src/stm32f0xx/stm32f0xx_hal_tsc.o
LOAD ./system/src/stm32f0xx/stm32f0xx_hal_uart.o
LOAD ./system/src/stm32f0xx/stm32f0xx_hal_uart_ex.o
LOAD ./system/src/stm32f0xx/stm32f0xx_hal_usart.o
LOAD ./system/src/stm32f0xx/stm32f0xx_hal_wwdg.o
LOAD ./system/src/newlib/_cxx.o
LOAD ./system/src/newlib/_exit.o
LOAD ./system/src/newlib/_sbrk.o
LOAD ./system/src/newlib/_startup.o
LOAD ./system/src/newlib/_syscalls.o
LOAD ./system/src/newlib/assert.o
LOAD ./system/src/diag/Trace.o
LOAD ./system/src/diag/trace_impl.o
LOAD ./system/src/cortexm/_initialize_hardware.o
LOAD ./system/src/cortexm/_reset_hardware.o
LOAD ./system/src/cortexm/exception_handlers.o
LOAD ./system/src/cmsis/startup_stm32f030x6.o
LOAD ./system/src/cmsis/system_stm32f0xx.o
LOAD ./src/_write.o
LOAD ./src/adc.o
LOAD ./src/dma.o
LOAD ./src/gpio.o
LOAD ./src/main.o
LOAD /usr/lib/gcc/arm-none-eabi/4.8/../../../arm-none-eabi/lib/armv6-m/libstdc++_nano.a
LOAD /usr/lib/gcc/arm-none-eabi/4.8/../../../arm-none-eabi/lib/armv6-m/libm.a
START GROUP
LOAD /usr/lib/gcc/arm-none-eabi/4.8/armv6-m/libgcc.a
LOAD /usr/lib/gcc/arm-none-eabi/4.8/../../../arm-none-eabi/lib/armv6-m/libg_nano.a
LOAD /usr/lib/gcc/arm-none-eabi/4.8/../../../arm-none-eabi/lib/armv6-m/libc_nano.a
END GROUP
START GROUP
LOAD /usr/lib/gcc/arm-none-eabi/4.8/armv6-m/libgcc.a
LOAD /usr/lib/gcc/arm-none-eabi/4.8/../../../arm-none-eabi/lib/armv6-m/libc_nano.a
END GROUP
                0x0000000020001000                __stack = (ORIGIN (RAM) + 0x1000)
                0x0000000020001000                _estack = __stack
                0x0000000000000400                __Main_Stack_Size = 0x400
                0x0000000000000400                PROVIDE (_Main_Stack_Size, __Main_Stack_Size)
                0x0000000020000c00                __Main_Stack_Limit = (__stack - __Main_Stack_Size)
                0x0000000020000c00                PROVIDE (_Main_Stack_Limit, __Main_Stack_Limit)
                0x0000000000000100                _Minimum_Stack_Size = 0x100
                0x00000000200011ac                PROVIDE (_Heap_Begin, _end_noinit)
                0x0000000020000c00                PROVIDE (_Heap_Limit, (__stack - __Main_Stack_Size))

.isr_vector     0x0000000008000000      0x228
 FILL mask 0xff
                0x0000000008000000                __vectors_start = ABSOLUTE (.)
                0x0000000008000000                __vectors_start__ = ABSOLUTE (.)
 *(.isr_vector)
 .isr_vector    0x0000000008000000       0xc0 ./system/src/cmsis/startup_stm32f030x6.o
                0x0000000008000000                g_pfnVectors
 *(.cfmconfig)
 *(.after_vectors .after_vectors.*)
 .after_vectors
                0x00000000080000c0      0x118 ./system/src/newlib/_startup.o
                0x00000000080000c0                _start
 .after_vectors
                0x00000000080001d8       0x50 ./system/src/cortexm/exception_handlers.o
                0x00000000080001d8                Reset_Handler
                0x00000000080001e0                NMI_Handler
                0x00000000080001e4                HardFault_Handler
                0x00000000080001fc                HardFault_Handler_C
                0x0000000008000218                SVC_Handler
                0x000000000800021c                PendSV_Handler
                0x0000000008000220                SysTick_Handler

.inits          0x0000000008000228       0x28
                0x0000000008000228                __data_regions_array_start = .
                0x0000000008000228        0x4 LONG 0x800227c LOADADDR (.data)
                0x000000000800022c        0x4 LONG 0x20000000 ADDR (.data)
                0x0000000008000230        0x4 LONG 0x20000088 (ADDR (.data) + SIZEOF (.data))
                0x0000000008000234        0x4 LONG 0x800227c LOADADDR (.data_CCMRAM)
                0x0000000008000238        0x4 LONG 0x10000000 ADDR (.data_CCMRAM)
                0x000000000800023c        0x4 LONG 0x10000000 (ADDR (.data_CCMRAM) + SIZEOF (.data_CCMRAM))
                0x0000000008000240                __data_regions_array_end = .
                0x0000000008000240                __bss_regions_array_start = .
                0x0000000008000240        0x4 LONG 0x20000088 ADDR (.bss)
                0x0000000008000244        0x4 LONG 0x200011ac (ADDR (.bss) + SIZEOF (.bss))
                0x0000000008000248        0x4 LONG 0x10000000 ADDR (.bss_CCMRAM)
                0x000000000800024c        0x4 LONG 0x10000000 (ADDR (.bss_CCMRAM) + SIZEOF (.bss_CCMRAM))
                0x0000000008000250                __bss_regions_array_end = .
 *(.init)
 *(.fini)
                0x0000000008000250                . = ALIGN (0x4)
                0x0000000008000250                PROVIDE (__preinit_array_start, .)
 *(.preinit_array_sysinit .preinit_array_sysinit.*)
 *(.preinit_array_platform .preinit_array_platform.*)
 *(.preinit_array .preinit_array.*)
                0x0000000008000250                PROVIDE (__preinit_array_end, .)
                0x0000000008000250                . = ALIGN (0x4)
                0x0000000008000250                PROVIDE (__init_array_start, .)
 *(SORT(.init_array.*))
 *(.init_array)
                0x0000000008000250                PROVIDE (__init_array_end, .)
                0x0000000008000250                . = ALIGN (0x4)
                0x0000000008000250                PROVIDE (__fini_array_start, .)
 *(SORT(.fini_array.*))
 *(.fini_array)
                0x0000000008000250                PROVIDE (__fini_array_end, .)

.flashtext
 *(.flashtext .flashtext.*)

.text           0x0000000008000250     0x2029
 *(.text .text.*)
 .text.HAL_InitTick
                0x0000000008000250       0x24 ./system/src/stm32f0xx/stm32f0xx_hal.o
                0x0000000008000250                HAL_InitTick
 .text.HAL_Init
                0x0000000008000274       0x20 ./system/src/stm32f0xx/stm32f0xx_hal.o
                0x0000000008000274                HAL_Init
 .text.HAL_GetTick
                0x0000000008000294        0xc ./system/src/stm32f0xx/stm32f0xx_hal.o
                0x0000000008000294                HAL_GetTick
 .text.ADC_Enable
                0x00000000080002a0       0xb8 ./system/src/stm32f0xx/stm32f0xx_hal_adc.o
 .text.HAL_ADC_Init
                0x0000000008000358      0x174 ./system/src/stm32f0xx/stm32f0xx_hal_adc.o
                0x0000000008000358                HAL_ADC_Init
 .text.HAL_ADC_Start
                0x00000000080004cc       0x60 ./system/src/stm32f0xx/stm32f0xx_hal_adc.o
                0x00000000080004cc                HAL_ADC_Start
 .text.HAL_ADC_Start_DMA
                0x000000000800052c       0xac ./system/src/stm32f0xx/stm32f0xx_hal_adc.o
                0x000000000800052c                HAL_ADC_Start_DMA
 .text.HAL_ADC_ConvCpltCallback
                0x00000000080005d8        0x4 ./system/src/stm32f0xx/stm32f0xx_hal_adc.o
                0x00000000080005d8                HAL_ADC_ConvCpltCallback
 .text.ADC_DMAConvCplt
                0x00000000080005dc       0x70 ./system/src/stm32f0xx/stm32f0xx_hal_adc.o
 .text.HAL_ADC_ConvHalfCpltCallback
                0x000000000800064c        0x4 ./system/src/stm32f0xx/stm32f0xx_hal_adc.o
                0x000000000800064c                HAL_ADC_ConvHalfCpltCallback
 .text.ADC_DMAHalfConvCplt
                0x0000000008000650        0xc ./system/src/stm32f0xx/stm32f0xx_hal_adc.o
 .text.HAL_ADC_ErrorCallback
                0x000000000800065c        0x4 ./system/src/stm32f0xx/stm32f0xx_hal_adc.o
                0x000000000800065c                HAL_ADC_ErrorCallback
 .text.ADC_DMAError
                0x0000000008000660       0x1c ./system/src/stm32f0xx/stm32f0xx_hal_adc.o
 .text.HAL_ADC_ConfigChannel
                0x000000000800067c      0x130 ./system/src/stm32f0xx/stm32f0xx_hal_adc.o
                0x000000000800067c                HAL_ADC_ConfigChannel
 .text.HAL_NVIC_SetPriority
                0x00000000080007ac       0x64 ./system/src/stm32f0xx/stm32f0xx_hal_cortex.o
                0x00000000080007ac                HAL_NVIC_SetPriority
 .text.HAL_NVIC_EnableIRQ
                0x0000000008000810       0x14 ./system/src/stm32f0xx/stm32f0xx_hal_cortex.o
                0x0000000008000810                HAL_NVIC_EnableIRQ
 .text.HAL_SYSTICK_Config
                0x0000000008000824       0x38 ./system/src/stm32f0xx/stm32f0xx_hal_cortex.o
                0x0000000008000824                HAL_SYSTICK_Config
 .text.HAL_SYSTICK_CLKSourceConfig
                0x000000000800085c       0x20 ./system/src/stm32f0xx/stm32f0xx_hal_cortex.o
                0x000000000800085c                HAL_SYSTICK_CLKSourceConfig
 .text.DMA_SetConfig
                0x000000000800087c       0x20 ./system/src/stm32f0xx/stm32f0xx_hal_dma.o
 .text.HAL_DMA_Init
                0x000000000800089c       0x54 ./system/src/stm32f0xx/stm32f0xx_hal_dma.o
                0x000000000800089c                HAL_DMA_Init
 .text.HAL_DMA_Start_IT
                0x00000000080008f0       0x54 ./system/src/stm32f0xx/stm32f0xx_hal_dma.o
                0x00000000080008f0                HAL_DMA_Start_IT
 .text.HAL_GPIO_Init
                0x0000000008000944      0x1a8 ./system/src/stm32f0xx/stm32f0xx_hal_gpio.o
                0x0000000008000944                HAL_GPIO_Init
 .text.HAL_GPIO_TogglePin
                0x0000000008000aec        0x8 ./system/src/stm32f0xx/stm32f0xx_hal_gpio.o
                0x0000000008000aec                HAL_GPIO_TogglePin
 .text.HAL_MspInit
                0x0000000008000af4        0x4 ./system/src/stm32f0xx/stm32f0xx_hal_msp_template.o
                0x0000000008000af4                HAL_MspInit
 .text.HAL_RCC_OscConfig
                0x0000000008000af8      0x4cc ./system/src/stm32f0xx/stm32f0xx_hal_rcc.o
                0x0000000008000af8                HAL_RCC_OscConfig
 .text.HAL_RCC_ClockConfig
                0x0000000008000fc4      0x200 ./system/src/stm32f0xx/stm32f0xx_hal_rcc.o
                0x0000000008000fc4                HAL_RCC_ClockConfig
 .text.HAL_RCC_GetSysClockFreq
                0x00000000080011c4       0x68 ./system/src/stm32f0xx/stm32f0xx_hal_rcc.o
                0x00000000080011c4                HAL_RCC_GetSysClockFreq
 .text.HAL_RCC_GetHCLKFreq
                0x000000000800122c       0x28 ./system/src/stm32f0xx/stm32f0xx_hal_rcc.o
                0x000000000800122c                HAL_RCC_GetHCLKFreq
 .text.HAL_RCCEx_PeriphCLKConfig
                0x0000000008001254       0xf0 ./system/src/stm32f0xx/stm32f0xx_hal_rcc_ex.o
                0x0000000008001254                HAL_RCCEx_PeriphCLKConfig
 .text._exit    0x0000000008001344        0x4 ./system/src/newlib/_exit.o
                0x0000000008001344                _exit
 .text._sbrk    0x0000000008001348       0x44 ./system/src/newlib/_sbrk.o
                0x0000000008001348                _sbrk
 .text.__initialize_args
                0x000000000800138c       0x10 ./system/src/newlib/_syscalls.o
                0x000000000800138c                __initialize_args
 .text.trace_printf
                0x000000000800139c       0x30 ./system/src/diag/Trace.o
                0x000000000800139c                trace_printf
 .text._trace_write_semihosting_debug
                0x00000000080013cc       0x64 ./system/src/diag/trace_impl.o
 .text.trace_write
                0x0000000008001430        0x8 ./system/src/diag/trace_impl.o
                0x0000000008001430                trace_write
 .text.__initialize_hardware_early
                0x0000000008001438        0x8 ./system/src/cortexm/_initialize_hardware.o
                0x0000000008001438                __initialize_hardware_early
 .text.__initialize_hardware
                0x0000000008001440        0x8 ./system/src/cortexm/_initialize_hardware.o
                0x0000000008001440                __initialize_hardware
 .text.dumpExceptionStack
                0x0000000008001448       0x88 ./system/src/cortexm/exception_handlers.o
                0x0000000008001448                dumpExceptionStack
 .text.Default_Handler
                0x00000000080014d0        0x2 ./system/src/cmsis/startup_stm32f030x6.o
                0x00000000080014d0                TIM1_CC_IRQHandler
                0x00000000080014d0                I2C1_IRQHandler
                0x00000000080014d0                SPI1_IRQHandler
                0x00000000080014d0                EXTI2_3_IRQHandler
                0x00000000080014d0                ADC1_IRQHandler
                0x00000000080014d0                TIM17_IRQHandler
                0x00000000080014d0                RTC_IRQHandler
                0x00000000080014d0                TIM16_IRQHandler
                0x00000000080014d0                TIM3_IRQHandler
                0x00000000080014d0                EXTI4_15_IRQHandler
                0x00000000080014d0                RCC_IRQHandler
                0x00000000080014d0                DMA1_Channel1_IRQHandler
                0x00000000080014d0                Default_Handler
                0x00000000080014d0                TIM14_IRQHandler
                0x00000000080014d0                DMA1_Channel4_5_IRQHandler
                0x00000000080014d0                EXTI0_1_IRQHandler
                0x00000000080014d0                WWDG_IRQHandler
                0x00000000080014d0                DMA1_Channel2_3_IRQHandler
                0x00000000080014d0                FLASH_IRQHandler
                0x00000000080014d0                USART1_IRQHandler
                0x00000000080014d0                TIM1_BRK_UP_TRG_COM_IRQHandler
 *fill*         0x00000000080014d2        0x2 
 .text.SystemInit
                0x00000000080014d4       0x60 ./system/src/cmsis/system_stm32f0xx.o
                0x00000000080014d4                SystemInit
 .text.SystemCoreClockUpdate
                0x0000000008001534       0x88 ./system/src/cmsis/system_stm32f0xx.o
                0x0000000008001534                SystemCoreClockUpdate
 .text.MX_ADC_Init
                0x00000000080015bc       0x90 ./src/adc.o
                0x00000000080015bc                MX_ADC_Init
 .text.HAL_ADC_MspInit
                0x000000000800164c       0x88 ./src/adc.o
                0x000000000800164c                HAL_ADC_MspInit
 .text.MX_DMA_Init
                0x00000000080016d4       0x30 ./src/dma.o
                0x00000000080016d4                MX_DMA_Init
 .text.MX_GPIO_Init
                0x0000000008001704       0x74 ./src/gpio.o
                0x0000000008001704                MX_GPIO_Init
 .text.SystemClock_Config
                0x0000000008001778       0x5c ./src/main.o
                0x0000000008001778                SystemClock_Config
 .text.main     0x00000000080017d4       0x68 ./src/main.o
                0x00000000080017d4                main
 .text          0x000000000800183c       0x9c /usr/lib/gcc/arm-none-eabi/4.8/armv6-m/libgcc.a(_udivsi3.o)
                0x000000000800183c                __udivsi3
                0x000000000800183c                __aeabi_uidiv
                0x00000000080018c4                __aeabi_uidivmod
 .text          0x00000000080018d8        0x4 /usr/lib/gcc/arm-none-eabi/4.8/armv6-m/libgcc.a(_dvmd_tls.o)
                0x00000000080018d8                __aeabi_ldiv0
                0x00000000080018d8                __aeabi_idiv0
 .text.__errno  0x00000000080018dc        0xc /usr/lib/gcc/arm-none-eabi/4.8/../../../arm-none-eabi/lib/armv6-m/libg_nano.a(lib_a-errno.o)
                0x00000000080018dc                __errno
 .text.memcpy   0x00000000080018e8       0x12 /usr/lib/gcc/arm-none-eabi/4.8/../../../arm-none-eabi/lib/armv6-m/libg_nano.a(lib_a-memcpy-stub.o)
                0x00000000080018e8                memcpy
 .text.strlen   0x00000000080018fa        0xe /usr/lib/gcc/arm-none-eabi/4.8/../../../arm-none-eabi/lib/armv6-m/libg_nano.a(lib_a-strlen.o)
                0x00000000080018fa                strlen
 .text._vsnprintf_r
                0x0000000008001908       0x54 /usr/lib/gcc/arm-none-eabi/4.8/../../../arm-none-eabi/lib/armv6-m/libg_nano.a(lib_a-vsnprintf.o)
                0x0000000008001908                _vsnprintf_r
                0x0000000008001908                _vsniprintf_r
 .text.vsnprintf
                0x000000000800195c       0x20 /usr/lib/gcc/arm-none-eabi/4.8/../../../arm-none-eabi/lib/armv6-m/libg_nano.a(lib_a-vsnprintf.o)
                0x000000000800195c                vsnprintf
                0x000000000800195c                vsniprintf
 .text.__ssputs_r
                0x000000000800197c       0xc0 /usr/lib/gcc/arm-none-eabi/4.8/../../../arm-none-eabi/lib/armv6-m/libg_nano.a(lib_a-nano-svfprintf.o)
                0x000000000800197c                __ssputs_r
 .text._svfprintf_r
                0x0000000008001a3c      0x1e0 /usr/lib/gcc/arm-none-eabi/4.8/../../../arm-none-eabi/lib/armv6-m/libg_nano.a(lib_a-nano-svfprintf.o)
                0x0000000008001a3c                _svfprintf_r
                0x0000000008001a3c                _svfiprintf_r
 .text._printf_common
                0x0000000008001c1c       0xe8 /usr/lib/gcc/arm-none-eabi/4.8/../../../arm-none-eabi/lib/armv6-m/libg_nano.a(lib_a-nano-vfprintf_i.o)
                0x0000000008001c1c                _printf_common
 .text._printf_i
                0x0000000008001d04      0x230 /usr/lib/gcc/arm-none-eabi/4.8/../../../arm-none-eabi/lib/armv6-m/libg_nano.a(lib_a-nano-vfprintf_i.o)
                0x0000000008001d04                _printf_i
 .text.memchr   0x0000000008001f34       0x16 /usr/lib/gcc/arm-none-eabi/4.8/../../../arm-none-eabi/lib/armv6-m/libg_nano.a(lib_a-memchr-stub.o)
                0x0000000008001f34                memchr
 .text.memmove  0x0000000008001f4a       0x32 /usr/lib/gcc/arm-none-eabi/4.8/../../../arm-none-eabi/lib/armv6-m/libg_nano.a(lib_a-memmove.o)
                0x0000000008001f4a                memmove
 .text._free_r  0x0000000008001f7c       0x90 /usr/lib/gcc/arm-none-eabi/4.8/../../../arm-none-eabi/lib/armv6-m/libg_nano.a(lib_a-nano-freer.o)
                0x0000000008001f7c                _free_r
 .text._malloc_r
                0x000000000800200c       0xac /usr/lib/gcc/arm-none-eabi/4.8/../../../arm-none-eabi/lib/armv6-m/libg_nano.a(lib_a-nano-mallocr.o)
                0x000000000800200c                _malloc_r
 .text._realloc_r
                0x00000000080020b8       0x4c /usr/lib/gcc/arm-none-eabi/4.8/../../../arm-none-eabi/lib/armv6-m/libg_nano.a(lib_a-nano-reallocr.o)
                0x00000000080020b8                _realloc_r
 .text._sbrk_r  0x0000000008002104       0x24 /usr/lib/gcc/arm-none-eabi/4.8/../../../arm-none-eabi/lib/armv6-m/libg_nano.a(lib_a-sbrkr.o)
                0x0000000008002104                _sbrk_r
 .text._malloc_usable_size_r
                0x0000000008002128       0x12 /usr/lib/gcc/arm-none-eabi/4.8/../../../arm-none-eabi/lib/armv6-m/libg_nano.a(lib_a-nano-msizer.o)
                0x0000000008002128                _malloc_usable_size_r
 *(.rodata .rodata.* .constdata .constdata.*)
 *fill*         0x000000000800213a        0x2 
 .rodata        0x000000000800213c       0x20 ./system/src/stm32f0xx/stm32f0xx_hal_rcc.o
 .rodata.aAPBAHBPrescTable
                0x000000000800215c       0x10 ./system/src/stm32f0xx/stm32f0xx_hal_rcc.o
                0x000000000800215c                aAPBAHBPrescTable
 .rodata.str1.4
                0x000000000800216c       0xbd ./system/src/cortexm/exception_handlers.o
                                         0xc0 (size before relaxing)
 *fill*         0x0000000008002229        0x3 
 .rodata.str1.4
                0x000000000800222c       0x18 ./src/main.o
 .rodata.str1.1
                0x0000000008002244        0x2 /usr/lib/gcc/arm-none-eabi/4.8/../../../arm-none-eabi/lib/armv6-m/libg_nano.a(lib_a-impure.o)
 .rodata.str1.1
                0x0000000008002246       0x11 /usr/lib/gcc/arm-none-eabi/4.8/../../../arm-none-eabi/lib/armv6-m/libg_nano.a(lib_a-nano-svfprintf.o)
 .rodata.str1.1
                0x0000000008002257       0x22 /usr/lib/gcc/arm-none-eabi/4.8/../../../arm-none-eabi/lib/armv6-m/libg_nano.a(lib_a-nano-vfprintf_i.o)
 *(vtable)
 *(.eh_frame*)
 *(.glue_7)
 .glue_7        0x0000000008002279        0x0 linker stubs
 *(.glue_7t)
 .glue_7t       0x0000000008002279        0x0 linker stubs

.vfp11_veneer   0x000000000800227c        0x0
 .vfp11_veneer  0x000000000800227c        0x0 linker stubs

.v4_bx          0x000000000800227c        0x0
 .v4_bx         0x000000000800227c        0x0 linker stubs

.iplt           0x000000000800227c        0x0
 .iplt          0x000000000800227c        0x0 ./system/src/stm32f0xx/stm32f0xx_hal.o

.rel.dyn        0x000000000800227c        0x0
 .rel.iplt      0x000000000800227c        0x0 ./system/src/stm32f0xx/stm32f0xx_hal.o

.ARM.extab
 *(.ARM.extab* .gnu.linkonce.armextab.*)
                0x000000000800227c                . = ALIGN (0x4)
                0x000000000800227c                __exidx_start = .

.ARM.exidx
 *(.ARM.exidx* .gnu.linkonce.armexidx.*)
                0x000000000800227c                __exidx_end = .
                0x000000000800227c                . = ALIGN (0x4)
                0x000000000800227c                _etext = .
                0x000000000800227c                __etext = .

.data_CCMRAM    0x0000000010000000        0x0 load address 0x000000000800227c
 FILL mask 0xff
 *(.data.CCMRAM .data.CCMRAM.*)
                0x0000000010000000                . = ALIGN (0x4)
                0x000000000800227c                _sidata = LOADADDR (.data)

.data           0x0000000020000000       0x88 load address 0x000000000800227c
 FILL mask 0xff
                0x0000000020000000                _sdata = .
                0x0000000020000000                __data_start__ = .
 *(.data_begin .data_begin.*)
 .data_begin    0x0000000020000000        0x4 ./system/src/newlib/_startup.o
 *(.data .data.*)
 .data.argv.4048
                0x0000000020000004        0x8 ./system/src/newlib/_syscalls.o
 .data.AHBPrescTable
                0x000000002000000c       0x10 ./system/src/cmsis/system_stm32f0xx.o
                0x000000002000000c                AHBPrescTable
 .data.SystemCoreClock
                0x000000002000001c        0x4 ./system/src/cmsis/system_stm32f0xx.o
                0x000000002000001c                SystemCoreClock
 .data.impure_data
                0x0000000020000020       0x60 /usr/lib/gcc/arm-none-eabi/4.8/../../../arm-none-eabi/lib/armv6-m/libg_nano.a(lib_a-impure.o)
 .data._impure_ptr
                0x0000000020000080        0x4 /usr/lib/gcc/arm-none-eabi/4.8/../../../arm-none-eabi/lib/armv6-m/libg_nano.a(lib_a-impure.o)
                0x0000000020000080                _impure_ptr
 *(.data_end .data_end.*)
 .data_end      0x0000000020000084        0x4 ./system/src/newlib/_startup.o
                0x0000000020000088                . = ALIGN (0x4)
                0x0000000020000088                _edata = .
                0x0000000020000088                __data_end__ = .

.igot.plt       0x0000000020000088        0x0 load address 0x0000000008002304
 .igot.plt      0x0000000020000088        0x0 ./system/src/stm32f0xx/stm32f0xx_hal.o

.bss_CCMRAM     0x0000000010000000        0x0
 *(.bss.CCMRAM .bss.CCMRAM.*)

.bss            0x0000000020000088     0x1124
                0x0000000020000088                __bss_start__ = .
                0x0000000020000088                _sbss = .
 *(.bss_begin .bss_begin.*)
 .bss_begin     0x0000000020000088        0x4 ./system/src/newlib/_startup.o
 *(.bss .bss.*)
 .bss.uwTick    0x000000002000008c        0x4 ./system/src/stm32f0xx/stm32f0xx_hal.o
 .bss.current_heap_end.3842
                0x0000000020000090        0x4 ./system/src/newlib/_sbrk.o
 .bss.name.4047
                0x0000000020000094        0x4 ./system/src/newlib/_syscalls.o
 .bss.buf.4938  0x0000000020000098       0x80 ./system/src/diag/Trace.o
 .bss.__malloc_sbrk_start
                0x0000000020000118        0x4 /usr/lib/gcc/arm-none-eabi/4.8/../../../arm-none-eabi/lib/armv6-m/libg_nano.a(lib_a-nano-mallocr.o)
                0x0000000020000118                __malloc_sbrk_start
 .bss.__malloc_free_list
                0x000000002000011c        0x4 /usr/lib/gcc/arm-none-eabi/4.8/../../../arm-none-eabi/lib/armv6-m/libg_nano.a(lib_a-nano-mallocr.o)
                0x000000002000011c                __malloc_free_list
 *(COMMON)
 COMMON         0x0000000020000120        0x4 ./system/src/newlib/_syscalls.o
                0x0000000020000120                errno
 COMMON         0x0000000020000124       0x84 ./src/adc.o
                0x0000000020000124                hdma_adc
                0x000000002000015c                hadc
 COMMON         0x00000000200001a8     0x1000 ./src/main.o
                0x00000000200001a8                ADC1ConvertedValues
 *(.bss_end .bss_end.*)
 .bss_end       0x00000000200011a8        0x4 ./system/src/newlib/_startup.o
                0x00000000200011ac                . = ALIGN (0x4)
                0x00000000200011ac                __bss_end__ = .
                0x00000000200011ac                _ebss = .

.noinit_CCMRAM
 *(.noinit.CCMRAM .noinit.CCMRAM.*)

.noinit         0x00000000200011ac        0x0
                0x00000000200011ac                _noinit = .
 *(.noinit .noinit.*)
                0x00000000200011ac                . = ALIGN (0x4)
                0x00000000200011ac                _end_noinit = .
                0x00000000200011ac                PROVIDE (end, _end_noinit)
                0x00000000200011ac                PROVIDE (_end, _end_noinit)
                0x00000000200011ac                PROVIDE (__end, _end_noinit)
                0x00000000200011ac                PROVIDE (__end__, _end_noinit)

._check_stack   0x00000000200011ac      0x100
                0x00000000200012ac                . = (. + _Minimum_Stack_Size)
 *fill*         0x00000000200011ac      0x100 

.b1text
 *(.b1text)
 *(.b1rodata)
 *(.b1rodata.*)

.eb0text
 *(.eb0text)
 *(.eb0rodata)
 *(.eb0rodata.*)

.eb1text
 *(.eb1text)
 *(.eb1rodata)
 *(.eb1rodata.*)

.eb2text
 *(.eb2text)
 *(.eb2rodata)
 *(.eb2rodata.*)

.eb3text
 *(.eb3text)
 *(.eb3rodata)
 *(.eb3rodata.*)

.stab
 *(.stab)

.stabstr
 *(.stabstr)

.stab.excl
 *(.stab.excl)

.stab.exclstr
 *(.stab.exclstr)

.stab.index
 *(.stab.index)

.stab.indexstr
 *(.stab.indexstr)

.comment        0x0000000000000000       0x3f
 *(.comment)
 .comment       0x0000000000000000       0x20 ./system/src/stm32f0xx/stm32f0xx_hal.o
                                         0x21 (size before relaxing)
 .comment       0x0000000000000020       0x21 ./system/src/stm32f0xx/stm32f0xx_hal_adc.o
 .comment       0x0000000000000020       0x21 ./system/src/stm32f0xx/stm32f0xx_hal_cortex.o
 .comment       0x0000000000000020       0x21 ./system/src/stm32f0xx/stm32f0xx_hal_dma.o
 .comment       0x0000000000000020       0x21 ./system/src/stm32f0xx/stm32f0xx_hal_gpio.o
 .comment       0x0000000000000020       0x21 ./system/src/stm32f0xx/stm32f0xx_hal_msp_template.o
 .comment       0x0000000000000020       0x21 ./system/src/stm32f0xx/stm32f0xx_hal_rcc.o
 .comment       0x0000000000000020       0x21 ./system/src/stm32f0xx/stm32f0xx_hal_rcc_ex.o
 .comment       0x0000000000000020       0x21 ./system/src/newlib/_exit.o
 .comment       0x0000000000000020       0x21 ./system/src/newlib/_sbrk.o
 .comment       0x0000000000000020       0x21 ./system/src/newlib/_startup.o
 .comment       0x0000000000000020       0x21 ./system/src/newlib/_syscalls.o
 .comment       0x0000000000000020       0x21 ./system/src/diag/Trace.o
 .comment       0x0000000000000020       0x21 ./system/src/diag/trace_impl.o
 .comment       0x0000000000000020       0x21 ./system/src/cortexm/_initialize_hardware.o
 .comment       0x0000000000000020       0x21 ./system/src/cortexm/exception_handlers.o
 .comment       0x0000000000000020       0x21 ./system/src/cmsis/system_stm32f0xx.o
 .comment       0x0000000000000020       0x21 ./src/adc.o
 .comment       0x0000000000000020       0x21 ./src/dma.o
 .comment       0x0000000000000020       0x21 ./src/gpio.o
 .comment       0x0000000000000020       0x21 ./src/main.o
 .comment       0x0000000000000020       0x1f /usr/lib/gcc/arm-none-eabi/4.8/../../../arm-none-eabi/lib/armv6-m/libg_nano.a(lib_a-errno.o)
                                         0x20 (size before relaxing)
 .comment       0x000000000000003f       0x20 /usr/lib/gcc/arm-none-eabi/4.8/../../../arm-none-eabi/lib/armv6-m/libg_nano.a(lib_a-impure.o)
 .comment       0x000000000000003f       0x20 /usr/lib/gcc/arm-none-eabi/4.8/../../../arm-none-eabi/lib/armv6-m/libg_nano.a(lib_a-memcpy-stub.o)
 .comment       0x000000000000003f       0x20 /usr/lib/gcc/arm-none-eabi/4.8/../../../arm-none-eabi/lib/armv6-m/libg_nano.a(lib_a-strlen.o)
 .comment       0x000000000000003f       0x20 /usr/lib/gcc/arm-none-eabi/4.8/../../../arm-none-eabi/lib/armv6-m/libg_nano.a(lib_a-vsnprintf.o)
 .comment       0x000000000000003f       0x20 /usr/lib/gcc/arm-none-eabi/4.8/../../../arm-none-eabi/lib/armv6-m/libg_nano.a(lib_a-nano-svfprintf.o)
 .comment       0x000000000000003f       0x20 /usr/lib/gcc/arm-none-eabi/4.8/../../../arm-none-eabi/lib/armv6-m/libg_nano.a(lib_a-nano-vfprintf_i.o)
 .comment       0x000000000000003f       0x20 /usr/lib/gcc/arm-none-eabi/4.8/../../../arm-none-eabi/lib/armv6-m/libg_nano.a(lib_a-memchr-stub.o)
 .comment       0x000000000000003f       0x20 /usr/lib/gcc/arm-none-eabi/4.8/../../../arm-none-eabi/lib/armv6-m/libg_nano.a(lib_a-memmove.o)
 .comment       0x000000000000003f       0x20 /usr/lib/gcc/arm-none-eabi/4.8/../../../arm-none-eabi/lib/armv6-m/libg_nano.a(lib_a-nano-freer.o)
 .comment       0x000000000000003f       0x20 /usr/lib/gcc/arm-none-eabi/4.8/../../../arm-none-eabi/lib/armv6-m/libg_nano.a(lib_a-nano-mallocr.o)
 .comment       0x000000000000003f       0x20 /usr/lib/gcc/arm-none-eabi/4.8/../../../arm-none-eabi/lib/armv6-m/libg_nano.a(lib_a-nano-reallocr.o)
 .comment       0x000000000000003f       0x20 /usr/lib/gcc/arm-none-eabi/4.8/../../../arm-none-eabi/lib/armv6-m/libg_nano.a(lib_a-sbrkr.o)
 .comment       0x000000000000003f       0x20 /usr/lib/gcc/arm-none-eabi/4.8/../../../arm-none-eabi/lib/armv6-m/libg_nano.a(lib_a-nano-msizer.o)

.ARM.attributes
                0x0000000000000000       0x2f
 .ARM.attributes
                0x0000000000000000       0x31 ./system/src/stm32f0xx/stm32f0xx_hal.o
 .ARM.attributes
                0x0000000000000031       0x31 ./system/src/stm32f0xx/stm32f0xx_hal_adc.o
 .ARM.attributes
                0x0000000000000062       0x31 ./system/src/stm32f0xx/stm32f0xx_hal_cortex.o
 .ARM.attributes
                0x0000000000000093       0x31 ./system/src/stm32f0xx/stm32f0xx_hal_dma.o
 .ARM.attributes
                0x00000000000000c4       0x31 ./system/src/stm32f0xx/stm32f0xx_hal_gpio.o
 .ARM.attributes
                0x00000000000000f5       0x31 ./system/src/stm32f0xx/stm32f0xx_hal_msp_template.o
 .ARM.attributes
                0x0000000000000126       0x31 ./system/src/stm32f0xx/stm32f0xx_hal_rcc.o
 .ARM.attributes
                0x0000000000000157       0x31 ./system/src/stm32f0xx/stm32f0xx_hal_rcc_ex.o
 .ARM.attributes
                0x0000000000000188       0x31 ./system/src/newlib/_exit.o
 .ARM.attributes
                0x00000000000001b9       0x31 ./system/src/newlib/_sbrk.o
 .ARM.attributes
                0x00000000000001ea       0x31 ./system/src/newlib/_startup.o
 .ARM.attributes
                0x000000000000021b       0x31 ./system/src/newlib/_syscalls.o
 .ARM.attributes
                0x000000000000024c       0x31 ./system/src/diag/Trace.o
 .ARM.attributes
                0x000000000000027d       0x31 ./system/src/diag/trace_impl.o
 .ARM.attributes
                0x00000000000002ae       0x31 ./system/src/cortexm/_initialize_hardware.o
 .ARM.attributes
                0x00000000000002df       0x31 ./system/src/cortexm/exception_handlers.o
 .ARM.attributes
                0x0000000000000310       0x21 ./system/src/cmsis/startup_stm32f030x6.o
 .ARM.attributes
                0x0000000000000331       0x31 ./system/src/cmsis/system_stm32f0xx.o
 .ARM.attributes
                0x0000000000000362       0x31 ./src/adc.o
 .ARM.attributes
                0x0000000000000393       0x31 ./src/dma.o
 .ARM.attributes
                0x00000000000003c4       0x31 ./src/gpio.o
 .ARM.attributes
                0x00000000000003f5       0x31 ./src/main.o
 .ARM.attributes
                0x0000000000000426       0x1e /usr/lib/gcc/arm-none-eabi/4.8/armv6-m/libgcc.a(_udivsi3.o)
 .ARM.attributes
                0x0000000000000444       0x1e /usr/lib/gcc/arm-none-eabi/4.8/armv6-m/libgcc.a(_dvmd_tls.o)
 .ARM.attributes
                0x0000000000000462       0x2c /usr/lib/gcc/arm-none-eabi/4.8/../../../arm-none-eabi/lib/armv6-m/libg_nano.a(lib_a-errno.o)
 .ARM.attributes
                0x000000000000048e       0x2c /usr/lib/gcc/arm-none-eabi/4.8/../../../arm-none-eabi/lib/armv6-m/libg_nano.a(lib_a-impure.o)
 .ARM.attributes
                0x00000000000004ba       0x2c /usr/lib/gcc/arm-none-eabi/4.8/../../../arm-none-eabi/lib/armv6-m/libg_nano.a(lib_a-memcpy-stub.o)
 .ARM.attributes
                0x00000000000004e6       0x2c /usr/lib/gcc/arm-none-eabi/4.8/../../../arm-none-eabi/lib/armv6-m/libg_nano.a(lib_a-strlen.o)
 .ARM.attributes
                0x0000000000000512       0x2c /usr/lib/gcc/arm-none-eabi/4.8/../../../arm-none-eabi/lib/armv6-m/libg_nano.a(lib_a-vsnprintf.o)
 .ARM.attributes
                0x000000000000053e       0x2c /usr/lib/gcc/arm-none-eabi/4.8/../../../arm-none-eabi/lib/armv6-m/libg_nano.a(lib_a-nano-svfprintf.o)
 .ARM.attributes
                0x000000000000056a       0x2c /usr/lib/gcc/arm-none-eabi/4.8/../../../arm-none-eabi/lib/armv6-m/libg_nano.a(lib_a-nano-vfprintf_i.o)
 .ARM.attributes
                0x0000000000000596       0x2c /usr/lib/gcc/arm-none-eabi/4.8/../../../arm-none-eabi/lib/armv6-m/libg_nano.a(lib_a-memchr-stub.o)
 .ARM.attributes
                0x00000000000005c2       0x2c /usr/lib/gcc/arm-none-eabi/4.8/../../../arm-none-eabi/lib/armv6-m/libg_nano.a(lib_a-memmove.o)
 .ARM.attributes
                0x00000000000005ee       0x2c /usr/lib/gcc/arm-none-eabi/4.8/../../../arm-none-eabi/lib/armv6-m/libg_nano.a(lib_a-nano-freer.o)
 .ARM.attributes
                0x000000000000061a       0x2c /usr/lib/gcc/arm-none-eabi/4.8/../../../arm-none-eabi/lib/armv6-m/libg_nano.a(lib_a-nano-mallocr.o)
 .ARM.attributes
                0x0000000000000646       0x2c /usr/lib/gcc/arm-none-eabi/4.8/../../../arm-none-eabi/lib/armv6-m/libg_nano.a(lib_a-nano-reallocr.o)
 .ARM.attributes
                0x0000000000000672       0x2c /usr/lib/gcc/arm-none-eabi/4.8/../../../arm-none-eabi/lib/armv6-m/libg_nano.a(lib_a-sbrkr.o)
 .ARM.attributes
                0x000000000000069e       0x2c /usr/lib/gcc/arm-none-eabi/4.8/../../../arm-none-eabi/lib/armv6-m/libg_nano.a(lib_a-nano-msizer.o)

.debug
 *(.debug)

.line
 *(.line)

.debug_srcinfo
 *(.debug_srcinfo)

.debug_sfnames
 *(.debug_sfnames)

.debug_aranges  0x0000000000000000      0x858
 *(.debug_aranges)
 .debug_aranges
                0x0000000000000000       0xa0 ./system/src/stm32f0xx/stm32f0xx_hal.o
 .debug_aranges
                0x00000000000000a0       0xf8 ./system/src/stm32f0xx/stm32f0xx_hal_adc.o
 .debug_aranges
                0x0000000000000198       0x78 ./system/src/stm32f0xx/stm32f0xx_hal_cortex.o
 .debug_aranges
                0x0000000000000210       0x68 ./system/src/stm32f0xx/stm32f0xx_hal_dma.o
 .debug_aranges
                0x0000000000000278       0x58 ./system/src/stm32f0xx/stm32f0xx_hal_gpio.o
 .debug_aranges
                0x00000000000002d0       0x38 ./system/src/stm32f0xx/stm32f0xx_hal_msp_template.o
 .debug_aranges
                0x0000000000000308       0x80 ./system/src/stm32f0xx/stm32f0xx_hal_rcc.o
 .debug_aranges
                0x0000000000000388       0x30 ./system/src/stm32f0xx/stm32f0xx_hal_rcc_ex.o
 .debug_aranges
                0x00000000000003b8       0x28 ./system/src/newlib/_exit.o
 .debug_aranges
                0x00000000000003e0       0x20 ./system/src/newlib/_sbrk.o
 .debug_aranges
                0x0000000000000400       0x40 ./system/src/newlib/_startup.o
 .debug_aranges
                0x0000000000000440       0x30 ./system/src/newlib/_syscalls.o
 .debug_aranges
                0x0000000000000470       0x38 ./system/src/diag/Trace.o
 .debug_aranges
                0x00000000000004a8       0x30 ./system/src/diag/trace_impl.o
 .debug_aranges
                0x00000000000004d8       0x28 ./system/src/cortexm/_initialize_hardware.o
 .debug_aranges
                0x0000000000000500       0x58 ./system/src/cortexm/exception_handlers.o
 .debug_aranges
                0x0000000000000558       0x28 ./system/src/cmsis/startup_stm32f030x6.o
 .debug_aranges
                0x0000000000000580       0x28 ./system/src/cmsis/system_stm32f0xx.o
 .debug_aranges
                0x00000000000005a8       0x30 ./src/adc.o
 .debug_aranges
                0x00000000000005d8       0x20 ./src/dma.o
 .debug_aranges
                0x00000000000005f8       0x20 ./src/gpio.o
 .debug_aranges
                0x0000000000000618       0x28 ./src/main.o
 .debug_aranges
                0x0000000000000640       0x20 /usr/lib/gcc/arm-none-eabi/4.8/armv6-m/libgcc.a(_udivsi3.o)
 .debug_aranges
                0x0000000000000660       0x20 /usr/lib/gcc/arm-none-eabi/4.8/armv6-m/libgcc.a(_dvmd_tls.o)
 .debug_aranges
                0x0000000000000680       0x20 /usr/lib/gcc/arm-none-eabi/4.8/../../../arm-none-eabi/lib/armv6-m/libg_nano.a(lib_a-errno.o)
 .debug_aranges
                0x00000000000006a0       0x18 /usr/lib/gcc/arm-none-eabi/4.8/../../../arm-none-eabi/lib/armv6-m/libg_nano.a(lib_a-impure.o)
 .debug_aranges
                0x00000000000006b8       0x20 /usr/lib/gcc/arm-none-eabi/4.8/../../../arm-none-eabi/lib/armv6-m/libg_nano.a(lib_a-memcpy-stub.o)
 .debug_aranges
                0x00000000000006d8       0x20 /usr/lib/gcc/arm-none-eabi/4.8/../../../arm-none-eabi/lib/armv6-m/libg_nano.a(lib_a-strlen.o)
 .debug_aranges
                0x00000000000006f8       0x28 /usr/lib/gcc/arm-none-eabi/4.8/../../../arm-none-eabi/lib/armv6-m/libg_nano.a(lib_a-vsnprintf.o)
 .debug_aranges
                0x0000000000000720       0x30 /usr/lib/gcc/arm-none-eabi/4.8/../../../arm-none-eabi/lib/armv6-m/libg_nano.a(lib_a-nano-svfprintf.o)
 .debug_aranges
                0x0000000000000750       0x28 /usr/lib/gcc/arm-none-eabi/4.8/../../../arm-none-eabi/lib/armv6-m/libg_nano.a(lib_a-nano-vfprintf_i.o)
 .debug_aranges
                0x0000000000000778       0x20 /usr/lib/gcc/arm-none-eabi/4.8/../../../arm-none-eabi/lib/armv6-m/libg_nano.a(lib_a-memchr-stub.o)
 .debug_aranges
                0x0000000000000798       0x20 /usr/lib/gcc/arm-none-eabi/4.8/../../../arm-none-eabi/lib/armv6-m/libg_nano.a(lib_a-memmove.o)
 .debug_aranges
                0x00000000000007b8       0x20 /usr/lib/gcc/arm-none-eabi/4.8/../../../arm-none-eabi/lib/armv6-m/libg_nano.a(lib_a-nano-freer.o)
 .debug_aranges
                0x00000000000007d8       0x20 /usr/lib/gcc/arm-none-eabi/4.8/../../../arm-none-eabi/lib/armv6-m/libg_nano.a(lib_a-nano-mallocr.o)
 .debug_aranges
                0x00000000000007f8       0x20 /usr/lib/gcc/arm-none-eabi/4.8/../../../arm-none-eabi/lib/armv6-m/libg_nano.a(lib_a-nano-reallocr.o)
 .debug_aranges
                0x0000000000000818       0x20 /usr/lib/gcc/arm-none-eabi/4.8/../../../arm-none-eabi/lib/armv6-m/libg_nano.a(lib_a-sbrkr.o)
 .debug_aranges
                0x0000000000000838       0x20 /usr/lib/gcc/arm-none-eabi/4.8/../../../arm-none-eabi/lib/armv6-m/libg_nano.a(lib_a-nano-msizer.o)

.debug_pubnames
 *(.debug_pubnames)

.debug_info     0x0000000000000000     0xbf67
 *(.debug_info .gnu.linkonce.wi.*)
 .debug_info    0x0000000000000000      0x57e ./system/src/stm32f0xx/stm32f0xx_hal.o
 .debug_info    0x000000000000057e      0xdbc ./system/src/stm32f0xx/stm32f0xx_hal_adc.o
 .debug_info    0x000000000000133a      0x707 ./system/src/stm32f0xx/stm32f0xx_hal_cortex.o
 .debug_info    0x0000000000001a41      0x5fa ./system/src/stm32f0xx/stm32f0xx_hal_dma.o
 .debug_info    0x000000000000203b      0x5b4 ./system/src/stm32f0xx/stm32f0xx_hal_gpio.o
 .debug_info    0x00000000000025ef       0xc9 ./system/src/stm32f0xx/stm32f0xx_hal_msp_template.o
 .debug_info    0x00000000000026b8      0x999 ./system/src/stm32f0xx/stm32f0xx_hal_rcc.o
 .debug_info    0x0000000000003051      0x361 ./system/src/stm32f0xx/stm32f0xx_hal_rcc_ex.o
 .debug_info    0x00000000000033b2      0x100 ./system/src/newlib/_exit.o
 .debug_info    0x00000000000034b2      0x125 ./system/src/newlib/_sbrk.o
 .debug_info    0x00000000000035d7      0x474 ./system/src/newlib/_startup.o
 .debug_info    0x0000000000003a4b      0x1a9 ./system/src/newlib/_syscalls.o
 .debug_info    0x0000000000003bf4      0x32b ./system/src/diag/Trace.o
 .debug_info    0x0000000000003f1f      0x2e4 ./system/src/diag/trace_impl.o
 .debug_info    0x0000000000004203       0xc3 ./system/src/cortexm/_initialize_hardware.o
 .debug_info    0x00000000000042c6      0x335 ./system/src/cortexm/exception_handlers.o
 .debug_info    0x00000000000045fb       0x77 ./system/src/cmsis/startup_stm32f030x6.o
 .debug_info    0x0000000000004672      0x201 ./system/src/cmsis/system_stm32f0xx.o
 .debug_info    0x0000000000004873      0x8f1 ./src/adc.o
 .debug_info    0x0000000000005164      0x290 ./src/dma.o
 .debug_info    0x00000000000053f4      0x32d ./src/gpio.o
 .debug_info    0x0000000000005721      0x93f ./src/main.o
 .debug_info    0x0000000000006060       0xa3 /usr/lib/gcc/arm-none-eabi/4.8/armv6-m/libgcc.a(_udivsi3.o)
 .debug_info    0x0000000000006103       0xa3 /usr/lib/gcc/arm-none-eabi/4.8/armv6-m/libgcc.a(_dvmd_tls.o)
 .debug_info    0x00000000000061a6      0x735 /usr/lib/gcc/arm-none-eabi/4.8/../../../arm-none-eabi/lib/armv6-m/libg_nano.a(lib_a-errno.o)
 .debug_info    0x00000000000068db      0x7d3 /usr/lib/gcc/arm-none-eabi/4.8/../../../arm-none-eabi/lib/armv6-m/libg_nano.a(lib_a-impure.o)
 .debug_info    0x00000000000070ae      0x102 /usr/lib/gcc/arm-none-eabi/4.8/../../../arm-none-eabi/lib/armv6-m/libg_nano.a(lib_a-memcpy-stub.o)
 .debug_info    0x00000000000071b0       0xcd /usr/lib/gcc/arm-none-eabi/4.8/../../../arm-none-eabi/lib/armv6-m/libg_nano.a(lib_a-strlen.o)
 .debug_info    0x000000000000727d      0x89d /usr/lib/gcc/arm-none-eabi/4.8/../../../arm-none-eabi/lib/armv6-m/libg_nano.a(lib_a-vsnprintf.o)
 .debug_info    0x0000000000007b1a      0xdf2 /usr/lib/gcc/arm-none-eabi/4.8/../../../arm-none-eabi/lib/armv6-m/libg_nano.a(lib_a-nano-svfprintf.o)
 .debug_info    0x000000000000890c      0xb3e /usr/lib/gcc/arm-none-eabi/4.8/../../../arm-none-eabi/lib/armv6-m/libg_nano.a(lib_a-nano-vfprintf_i.o)
 .debug_info    0x000000000000944a       0xf8 /usr/lib/gcc/arm-none-eabi/4.8/../../../arm-none-eabi/lib/armv6-m/libg_nano.a(lib_a-memchr-stub.o)
 .debug_info    0x0000000000009542      0x102 /usr/lib/gcc/arm-none-eabi/4.8/../../../arm-none-eabi/lib/armv6-m/libg_nano.a(lib_a-memmove.o)
 .debug_info    0x0000000000009644      0x81e /usr/lib/gcc/arm-none-eabi/4.8/../../../arm-none-eabi/lib/armv6-m/libg_nano.a(lib_a-nano-freer.o)
 .debug_info    0x0000000000009e62      0x8f9 /usr/lib/gcc/arm-none-eabi/4.8/../../../arm-none-eabi/lib/armv6-m/libg_nano.a(lib_a-nano-mallocr.o)
 .debug_info    0x000000000000a75b      0x8b3 /usr/lib/gcc/arm-none-eabi/4.8/../../../arm-none-eabi/lib/armv6-m/libg_nano.a(lib_a-nano-reallocr.o)
 .debug_info    0x000000000000b00e      0x7a0 /usr/lib/gcc/arm-none-eabi/4.8/../../../arm-none-eabi/lib/armv6-m/libg_nano.a(lib_a-sbrkr.o)
 .debug_info    0x000000000000b7ae      0x7b9 /usr/lib/gcc/arm-none-eabi/4.8/../../../arm-none-eabi/lib/armv6-m/libg_nano.a(lib_a-nano-msizer.o)

.debug_abbrev   0x0000000000000000     0x323d
 *(.debug_abbrev)
 .debug_abbrev  0x0000000000000000      0x208 ./system/src/stm32f0xx/stm32f0xx_hal.o
 .debug_abbrev  0x0000000000000208      0x239 ./system/src/stm32f0xx/stm32f0xx_hal_adc.o
 .debug_abbrev  0x0000000000000441      0x21d ./system/src/stm32f0xx/stm32f0xx_hal_cortex.o
 .debug_abbrev  0x000000000000065e      0x1b8 ./system/src/stm32f0xx/stm32f0xx_hal_dma.o
 .debug_abbrev  0x0000000000000816      0x1d2 ./system/src/stm32f0xx/stm32f0xx_hal_gpio.o
 .debug_abbrev  0x00000000000009e8       0x45 ./system/src/stm32f0xx/stm32f0xx_hal_msp_template.o
 .debug_abbrev  0x0000000000000a2d      0x260 ./system/src/stm32f0xx/stm32f0xx_hal_rcc.o
 .debug_abbrev  0x0000000000000c8d      0x176 ./system/src/stm32f0xx/stm32f0xx_hal_rcc_ex.o
 .debug_abbrev  0x0000000000000e03       0xa4 ./system/src/newlib/_exit.o
 .debug_abbrev  0x0000000000000ea7       0xbb ./system/src/newlib/_sbrk.o
 .debug_abbrev  0x0000000000000f62      0x1e9 ./system/src/newlib/_startup.o
 .debug_abbrev  0x000000000000114b       0xe7 ./system/src/newlib/_syscalls.o
 .debug_abbrev  0x0000000000001232      0x178 ./system/src/diag/Trace.o
 .debug_abbrev  0x00000000000013aa      0x1a3 ./system/src/diag/trace_impl.o
 .debug_abbrev  0x000000000000154d       0x63 ./system/src/cortexm/_initialize_hardware.o
 .debug_abbrev  0x00000000000015b0      0x165 ./system/src/cortexm/exception_handlers.o
 .debug_abbrev  0x0000000000001715       0x12 ./system/src/cmsis/startup_stm32f030x6.o
 .debug_abbrev  0x0000000000001727       0xf3 ./system/src/cmsis/system_stm32f0xx.o
 .debug_abbrev  0x000000000000181a      0x1b9 ./src/adc.o
 .debug_abbrev  0x00000000000019d3      0x112 ./src/dma.o
 .debug_abbrev  0x0000000000001ae5      0x131 ./src/gpio.o
 .debug_abbrev  0x0000000000001c16      0x231 ./src/main.o
 .debug_abbrev  0x0000000000001e47       0x14 /usr/lib/gcc/arm-none-eabi/4.8/armv6-m/libgcc.a(_udivsi3.o)
 .debug_abbrev  0x0000000000001e5b       0x14 /usr/lib/gcc/arm-none-eabi/4.8/armv6-m/libgcc.a(_dvmd_tls.o)
 .debug_abbrev  0x0000000000001e6f      0x134 /usr/lib/gcc/arm-none-eabi/4.8/../../../arm-none-eabi/lib/armv6-m/libg_nano.a(lib_a-errno.o)
 .debug_abbrev  0x0000000000001fa3      0x136 /usr/lib/gcc/arm-none-eabi/4.8/../../../arm-none-eabi/lib/armv6-m/libg_nano.a(lib_a-impure.o)
 .debug_abbrev  0x00000000000020d9       0xa4 /usr/lib/gcc/arm-none-eabi/4.8/../../../arm-none-eabi/lib/armv6-m/libg_nano.a(lib_a-memcpy-stub.o)
 .debug_abbrev  0x000000000000217d       0x8c /usr/lib/gcc/arm-none-eabi/4.8/../../../arm-none-eabi/lib/armv6-m/libg_nano.a(lib_a-strlen.o)
 .debug_abbrev  0x0000000000002209      0x1ba /usr/lib/gcc/arm-none-eabi/4.8/../../../arm-none-eabi/lib/armv6-m/libg_nano.a(lib_a-vsnprintf.o)
 .debug_abbrev  0x00000000000023c3      0x274 /usr/lib/gcc/arm-none-eabi/4.8/../../../arm-none-eabi/lib/armv6-m/libg_nano.a(lib_a-nano-svfprintf.o)
 .debug_abbrev  0x0000000000002637      0x201 /usr/lib/gcc/arm-none-eabi/4.8/../../../arm-none-eabi/lib/armv6-m/libg_nano.a(lib_a-nano-vfprintf_i.o)
 .debug_abbrev  0x0000000000002838       0xab /usr/lib/gcc/arm-none-eabi/4.8/../../../arm-none-eabi/lib/armv6-m/libg_nano.a(lib_a-memchr-stub.o)
 .debug_abbrev  0x00000000000028e3       0x9c /usr/lib/gcc/arm-none-eabi/4.8/../../../arm-none-eabi/lib/armv6-m/libg_nano.a(lib_a-memmove.o)
 .debug_abbrev  0x000000000000297f      0x1b8 /usr/lib/gcc/arm-none-eabi/4.8/../../../arm-none-eabi/lib/armv6-m/libg_nano.a(lib_a-nano-freer.o)
 .debug_abbrev  0x0000000000002b37      0x248 /usr/lib/gcc/arm-none-eabi/4.8/../../../arm-none-eabi/lib/armv6-m/libg_nano.a(lib_a-nano-mallocr.o)
 .debug_abbrev  0x0000000000002d7f      0x1bb /usr/lib/gcc/arm-none-eabi/4.8/../../../arm-none-eabi/lib/armv6-m/libg_nano.a(lib_a-nano-reallocr.o)
 .debug_abbrev  0x0000000000002f3a      0x1a2 /usr/lib/gcc/arm-none-eabi/4.8/../../../arm-none-eabi/lib/armv6-m/libg_nano.a(lib_a-sbrkr.o)
 .debug_abbrev  0x00000000000030dc      0x161 /usr/lib/gcc/arm-none-eabi/4.8/../../../arm-none-eabi/lib/armv6-m/libg_nano.a(lib_a-nano-msizer.o)

.debug_line     0x0000000000000000     0x6887
 *(.debug_line)
 .debug_line    0x0000000000000000      0x544 ./system/src/stm32f0xx/stm32f0xx_hal.o
 .debug_line    0x0000000000000544      0x911 ./system/src/stm32f0xx/stm32f0xx_hal_adc.o
 .debug_line    0x0000000000000e55      0x55d ./system/src/stm32f0xx/stm32f0xx_hal_cortex.o
 .debug_line    0x00000000000013b2      0x6ae ./system/src/stm32f0xx/stm32f0xx_hal_dma.o
 .debug_line    0x0000000000001a60      0x53e ./system/src/stm32f0xx/stm32f0xx_hal_gpio.o
 .debug_line    0x0000000000001f9e      0x458 ./system/src/stm32f0xx/stm32f0xx_hal_msp_template.o
 .debug_line    0x00000000000023f6      0x744 ./system/src/stm32f0xx/stm32f0xx_hal_rcc.o
 .debug_line    0x0000000000002b3a      0x4d5 ./system/src/stm32f0xx/stm32f0xx_hal_rcc_ex.o
 .debug_line    0x000000000000300f      0x1d6 ./system/src/newlib/_exit.o
 .debug_line    0x00000000000031e5      0x17d ./system/src/newlib/_sbrk.o
 .debug_line    0x0000000000003362      0x23b ./system/src/newlib/_startup.o
 .debug_line    0x000000000000359d      0x23d ./system/src/newlib/_syscalls.o
 .debug_line    0x00000000000037da      0x22e ./system/src/diag/Trace.o
 .debug_line    0x0000000000003a08      0x2c6 ./system/src/diag/trace_impl.o
 .debug_line    0x0000000000003cce      0x146 ./system/src/cortexm/_initialize_hardware.o
 .debug_line    0x0000000000003e14      0x305 ./system/src/cortexm/exception_handlers.o
 .debug_line    0x0000000000004119       0x8c ./system/src/cmsis/startup_stm32f030x6.o
 .debug_line    0x00000000000041a5      0x14a ./system/src/cmsis/system_stm32f0xx.o
 .debug_line    0x00000000000042ef      0x46f ./src/adc.o
 .debug_line    0x000000000000475e      0x408 ./src/dma.o
 .debug_line    0x0000000000004b66      0x414 ./src/gpio.o
 .debug_line    0x0000000000004f7a      0x453 ./src/main.o
 .debug_line    0x00000000000053cd       0x7c /usr/lib/gcc/arm-none-eabi/4.8/armv6-m/libgcc.a(_udivsi3.o)
 .debug_line    0x0000000000005449       0x64 /usr/lib/gcc/arm-none-eabi/4.8/armv6-m/libgcc.a(_dvmd_tls.o)
 .debug_line    0x00000000000054ad      0x105 /usr/lib/gcc/arm-none-eabi/4.8/../../../arm-none-eabi/lib/armv6-m/libg_nano.a(lib_a-errno.o)
 .debug_line    0x00000000000055b2       0xe8 /usr/lib/gcc/arm-none-eabi/4.8/../../../arm-none-eabi/lib/armv6-m/libg_nano.a(lib_a-impure.o)
 .debug_line    0x000000000000569a      0x100 /usr/lib/gcc/arm-none-eabi/4.8/../../../arm-none-eabi/lib/armv6-m/libg_nano.a(lib_a-memcpy-stub.o)
 .debug_line    0x000000000000579a       0xf1 /usr/lib/gcc/arm-none-eabi/4.8/../../../arm-none-eabi/lib/armv6-m/libg_nano.a(lib_a-strlen.o)
 .debug_line    0x000000000000588b      0x1ae /usr/lib/gcc/arm-none-eabi/4.8/../../../arm-none-eabi/lib/armv6-m/libg_nano.a(lib_a-vsnprintf.o)
 .debug_line    0x0000000000005a39      0x2f7 /usr/lib/gcc/arm-none-eabi/4.8/../../../arm-none-eabi/lib/armv6-m/libg_nano.a(lib_a-nano-svfprintf.o)
 .debug_line    0x0000000000005d30      0x2dc /usr/lib/gcc/arm-none-eabi/4.8/../../../arm-none-eabi/lib/armv6-m/libg_nano.a(lib_a-nano-vfprintf_i.o)
 .debug_line    0x000000000000600c      0x101 /usr/lib/gcc/arm-none-eabi/4.8/../../../arm-none-eabi/lib/armv6-m/libg_nano.a(lib_a-memchr-stub.o)
 .debug_line    0x000000000000610d       0xfe /usr/lib/gcc/arm-none-eabi/4.8/../../../arm-none-eabi/lib/armv6-m/libg_nano.a(lib_a-memmove.o)
 .debug_line    0x000000000000620b      0x13c /usr/lib/gcc/arm-none-eabi/4.8/../../../arm-none-eabi/lib/armv6-m/libg_nano.a(lib_a-nano-freer.o)
 .debug_line    0x0000000000006347      0x188 /usr/lib/gcc/arm-none-eabi/4.8/../../../arm-none-eabi/lib/armv6-m/libg_nano.a(lib_a-nano-mallocr.o)
 .debug_line    0x00000000000064cf      0x160 /usr/lib/gcc/arm-none-eabi/4.8/../../../arm-none-eabi/lib/armv6-m/libg_nano.a(lib_a-nano-reallocr.o)
 .debug_line    0x000000000000662f      0x152 /usr/lib/gcc/arm-none-eabi/4.8/../../../arm-none-eabi/lib/armv6-m/libg_nano.a(lib_a-sbrkr.o)
 .debug_line    0x0000000000006781      0x106 /usr/lib/gcc/arm-none-eabi/4.8/../../../arm-none-eabi/lib/armv6-m/libg_nano.a(lib_a-nano-msizer.o)

.debug_frame    0x0000000000000000      0xf60
 *(.debug_frame)
 .debug_frame   0x0000000000000000      0x144 ./system/src/stm32f0xx/stm32f0xx_hal.o
 .debug_frame   0x0000000000000144      0x2a0 ./system/src/stm32f0xx/stm32f0xx_hal_adc.o
 .debug_frame   0x00000000000003e4       0xe4 ./system/src/stm32f0xx/stm32f0xx_hal_cortex.o
 .debug_frame   0x00000000000004c8      0x108 ./system/src/stm32f0xx/stm32f0xx_hal_dma.o
 .debug_frame   0x00000000000005d0       0xcc ./system/src/stm32f0xx/stm32f0xx_hal_gpio.o
 .debug_frame   0x000000000000069c       0x50 ./system/src/stm32f0xx/stm32f0xx_hal_msp_template.o
 .debug_frame   0x00000000000006ec      0x134 ./system/src/stm32f0xx/stm32f0xx_hal_rcc.o
 .debug_frame   0x0000000000000820       0x54 ./system/src/stm32f0xx/stm32f0xx_hal_rcc_ex.o
 .debug_frame   0x0000000000000874       0x38 ./system/src/newlib/_exit.o
 .debug_frame   0x00000000000008ac       0x28 ./system/src/newlib/_sbrk.o
 .debug_frame   0x00000000000008d4       0x80 ./system/src/newlib/_startup.o
 .debug_frame   0x0000000000000954       0x50 ./system/src/newlib/_syscalls.o
 .debug_frame   0x00000000000009a4       0x78 ./system/src/diag/Trace.o
 .debug_frame   0x0000000000000a1c       0x60 ./system/src/diag/trace_impl.o
 .debug_frame   0x0000000000000a7c       0x40 ./system/src/cortexm/_initialize_hardware.o
 .debug_frame   0x0000000000000abc       0xb0 ./system/src/cortexm/exception_handlers.o
 .debug_frame   0x0000000000000b6c       0x38 ./system/src/cmsis/system_stm32f0xx.o
 .debug_frame   0x0000000000000ba4       0x68 ./src/adc.o
 .debug_frame   0x0000000000000c0c       0x28 ./src/dma.o
 .debug_frame   0x0000000000000c34       0x2c ./src/gpio.o
 .debug_frame   0x0000000000000c60       0x44 ./src/main.o
 .debug_frame   0x0000000000000ca4       0x20 /usr/lib/gcc/arm-none-eabi/4.8/armv6-m/libgcc.a(_udivsi3.o)
 .debug_frame   0x0000000000000cc4       0x20 /usr/lib/gcc/arm-none-eabi/4.8/../../../arm-none-eabi/lib/armv6-m/libg_nano.a(lib_a-errno.o)
 .debug_frame   0x0000000000000ce4       0x28 /usr/lib/gcc/arm-none-eabi/4.8/../../../arm-none-eabi/lib/armv6-m/libg_nano.a(lib_a-memcpy-stub.o)
 .debug_frame   0x0000000000000d0c       0x20 /usr/lib/gcc/arm-none-eabi/4.8/../../../arm-none-eabi/lib/armv6-m/libg_nano.a(lib_a-strlen.o)
 .debug_frame   0x0000000000000d2c       0x4c /usr/lib/gcc/arm-none-eabi/4.8/../../../arm-none-eabi/lib/armv6-m/libg_nano.a(lib_a-vsnprintf.o)
 .debug_frame   0x0000000000000d78       0x74 /usr/lib/gcc/arm-none-eabi/4.8/../../../arm-none-eabi/lib/armv6-m/libg_nano.a(lib_a-nano-svfprintf.o)
 .debug_frame   0x0000000000000dec       0x54 /usr/lib/gcc/arm-none-eabi/4.8/../../../arm-none-eabi/lib/armv6-m/libg_nano.a(lib_a-nano-vfprintf_i.o)
 .debug_frame   0x0000000000000e40       0x20 /usr/lib/gcc/arm-none-eabi/4.8/../../../arm-none-eabi/lib/armv6-m/libg_nano.a(lib_a-memchr-stub.o)
 .debug_frame   0x0000000000000e60       0x2c /usr/lib/gcc/arm-none-eabi/4.8/../../../arm-none-eabi/lib/armv6-m/libg_nano.a(lib_a-memmove.o)
 .debug_frame   0x0000000000000e8c       0x2c /usr/lib/gcc/arm-none-eabi/4.8/../../../arm-none-eabi/lib/armv6-m/libg_nano.a(lib_a-nano-freer.o)
 .debug_frame   0x0000000000000eb8       0x2c /usr/lib/gcc/arm-none-eabi/4.8/../../../arm-none-eabi/lib/armv6-m/libg_nano.a(lib_a-nano-mallocr.o)
 .debug_frame   0x0000000000000ee4       0x30 /usr/lib/gcc/arm-none-eabi/4.8/../../../arm-none-eabi/lib/armv6-m/libg_nano.a(lib_a-nano-reallocr.o)
 .debug_frame   0x0000000000000f14       0x2c /usr/lib/gcc/arm-none-eabi/4.8/../../../arm-none-eabi/lib/armv6-m/libg_nano.a(lib_a-sbrkr.o)
 .debug_frame   0x0000000000000f40       0x20 /usr/lib/gcc/arm-none-eabi/4.8/../../../arm-none-eabi/lib/armv6-m/libg_nano.a(lib_a-nano-msizer.o)

.debug_str      0x0000000000000000    0x40750
 *(.debug_str)
 .debug_str     0x0000000000000000    0x3c104 ./system/src/stm32f0xx/stm32f0xx_hal.o
                                      0x3c450 (size before relaxing)
 .debug_str     0x000000000003c104      0x70d ./system/src/stm32f0xx/stm32f0xx_hal_adc.o
                                      0x3c6d1 (size before relaxing)
 .debug_str     0x000000000003c811      0x1aa ./system/src/stm32f0xx/stm32f0xx_hal_cortex.o
                                      0x3c302 (size before relaxing)
 .debug_str     0x000000000003c9bb      0x149 ./system/src/stm32f0xx/stm32f0xx_hal_dma.o
                                      0x3c287 (size before relaxing)
 .debug_str     0x000000000003cb04      0x2c8 ./system/src/stm32f0xx/stm32f0xx_hal_gpio.o
                                      0x3c27e (size before relaxing)
 .debug_str     0x000000000003cdcc       0x57 ./system/src/stm32f0xx/stm32f0xx_hal_msp_template.o
                                      0x3bf61 (size before relaxing)
 .debug_str     0x000000000003ce23      0x324 ./system/src/stm32f0xx/stm32f0xx_hal_rcc.o
                                      0x3c3bd (size before relaxing)
 .debug_str     0x000000000003d147      0x16a ./system/src/stm32f0xx/stm32f0xx_hal_rcc_ex.o
                                      0x3c152 (size before relaxing)
 .debug_str     0x000000000003d2b1      0xeeb ./system/src/newlib/_exit.o
                                       0x5b9c (size before relaxing)
 .debug_str     0x000000000003e19c      0x4de ./system/src/newlib/_sbrk.o
                                       0x42fb (size before relaxing)
 .debug_str     0x000000000003e67a      0x260 ./system/src/newlib/_startup.o
                                       0x3ed1 (size before relaxing)
 .debug_str     0x000000000003e8da      0xb8e ./system/src/newlib/_syscalls.o
                                       0x5d2f (size before relaxing)
 .debug_str     0x000000000003f468      0x1e1 ./system/src/diag/Trace.o
                                       0x642c (size before relaxing)
 .debug_str     0x000000000003f649      0x364 ./system/src/diag/trace_impl.o
                                      0x19db0 (size before relaxing)
 .debug_str     0x000000000003f9ad       0x4e ./system/src/cortexm/_initialize_hardware.o
                                      0x16f68 (size before relaxing)
 .debug_str     0x000000000003f9fb      0x109 ./system/src/cortexm/exception_handlers.o
                                      0x1a823 (size before relaxing)
 .debug_str     0x000000000003fb04       0x46 ./system/src/cmsis/system_stm32f0xx.o
                                      0x17002 (size before relaxing)
 .debug_str     0x000000000003fb4a       0x4e ./src/adc.o
                                      0x3c422 (size before relaxing)
 .debug_str     0x000000000003fb98       0x19 ./src/dma.o
                                      0x3c0f3 (size before relaxing)
 .debug_str     0x000000000003fbb1       0x1b ./src/gpio.o
                                      0x3bffc (size before relaxing)
 .debug_str     0x000000000003fbcc       0x35 ./src/main.o
                                      0x3c575 (size before relaxing)
 .debug_str     0x000000000003fc01      0x401 /usr/lib/gcc/arm-none-eabi/4.8/../../../arm-none-eabi/lib/armv6-m/libg_nano.a(lib_a-errno.o)
                                        0x4fa (size before relaxing)
 .debug_str     0x0000000000040002       0xda /usr/lib/gcc/arm-none-eabi/4.8/../../../arm-none-eabi/lib/armv6-m/libg_nano.a(lib_a-impure.o)
                                        0x551 (size before relaxing)
 .debug_str     0x00000000000400dc       0xb7 /usr/lib/gcc/arm-none-eabi/4.8/../../../arm-none-eabi/lib/armv6-m/libg_nano.a(lib_a-memcpy-stub.o)
                                        0x1cf (size before relaxing)
 .debug_str     0x0000000000040193       0x3e /usr/lib/gcc/arm-none-eabi/4.8/../../../arm-none-eabi/lib/armv6-m/libg_nano.a(lib_a-strlen.o)
                                        0x1be (size before relaxing)
 .debug_str     0x00000000000401d1       0xac /usr/lib/gcc/arm-none-eabi/4.8/../../../arm-none-eabi/lib/armv6-m/libg_nano.a(lib_a-vsnprintf.o)
                                        0x551 (size before relaxing)
 .debug_str     0x000000000004027d      0x1c2 /usr/lib/gcc/arm-none-eabi/4.8/../../../arm-none-eabi/lib/armv6-m/libg_nano.a(lib_a-nano-svfprintf.o)
                                        0x67e (size before relaxing)
 .debug_str     0x000000000004043f       0x94 /usr/lib/gcc/arm-none-eabi/4.8/../../../arm-none-eabi/lib/armv6-m/libg_nano.a(lib_a-nano-vfprintf_i.o)
                                        0x623 (size before relaxing)
 .debug_str     0x00000000000404d3       0x4b /usr/lib/gcc/arm-none-eabi/4.8/../../../arm-none-eabi/lib/armv6-m/libg_nano.a(lib_a-memchr-stub.o)
                                        0x1cb (size before relaxing)
 .debug_str     0x000000000004051e       0x9b /usr/lib/gcc/arm-none-eabi/4.8/../../../arm-none-eabi/lib/armv6-m/libg_nano.a(lib_a-memmove.o)
                                        0x1c4 (size before relaxing)
 .debug_str     0x00000000000405b9       0xf3 /usr/lib/gcc/arm-none-eabi/4.8/../../../arm-none-eabi/lib/armv6-m/libg_nano.a(lib_a-nano-freer.o)
                                        0x56a (size before relaxing)
 .debug_str     0x00000000000406ac       0x46 /usr/lib/gcc/arm-none-eabi/4.8/../../../arm-none-eabi/lib/armv6-m/libg_nano.a(lib_a-nano-mallocr.o)
                                        0x59f (size before relaxing)
 .debug_str     0x00000000000406f2       0x23 /usr/lib/gcc/arm-none-eabi/4.8/../../../arm-none-eabi/lib/armv6-m/libg_nano.a(lib_a-nano-reallocr.o)
                                        0x572 (size before relaxing)
 .debug_str     0x0000000000040715       0x2c /usr/lib/gcc/arm-none-eabi/4.8/../../../arm-none-eabi/lib/armv6-m/libg_nano.a(lib_a-sbrkr.o)
                                        0x509 (size before relaxing)
 .debug_str     0x0000000000040741        0xf /usr/lib/gcc/arm-none-eabi/4.8/../../../arm-none-eabi/lib/armv6-m/libg_nano.a(lib_a-nano-msizer.o)
                                        0x550 (size before relaxing)

.debug_loc      0x0000000000000000     0x3bb0
 *(.debug_loc)
 .debug_loc     0x0000000000000000       0x6a ./system/src/stm32f0xx/stm32f0xx_hal.o
 .debug_loc     0x000000000000006a      0xc14 ./system/src/stm32f0xx/stm32f0xx_hal_adc.o
 .debug_loc     0x0000000000000c7e      0x2c9 ./system/src/stm32f0xx/stm32f0xx_hal_cortex.o
 .debug_loc     0x0000000000000f47      0x465 ./system/src/stm32f0xx/stm32f0xx_hal_dma.o
 .debug_loc     0x00000000000013ac      0x332 ./system/src/stm32f0xx/stm32f0xx_hal_gpio.o
 .debug_loc     0x00000000000016de      0x58a ./system/src/stm32f0xx/stm32f0xx_hal_rcc.o
 .debug_loc     0x0000000000001c68      0x315 ./system/src/stm32f0xx/stm32f0xx_hal_rcc_ex.o
 .debug_loc     0x0000000000001f7d       0x70 ./system/src/newlib/_sbrk.o
 .debug_loc     0x0000000000001fed      0x265 ./system/src/newlib/_startup.o
 .debug_loc     0x0000000000002252       0x63 ./system/src/newlib/_syscalls.o
 .debug_loc     0x00000000000022b5       0xf7 ./system/src/diag/Trace.o
 .debug_loc     0x00000000000023ac      0x190 ./system/src/diag/trace_impl.o
 .debug_loc     0x000000000000253c       0x94 ./system/src/cortexm/exception_handlers.o
 .debug_loc     0x00000000000025d0       0xfe ./system/src/cmsis/system_stm32f0xx.o
 .debug_loc     0x00000000000026ce       0x58 ./src/adc.o
 .debug_loc     0x0000000000002726       0xcf /usr/lib/gcc/arm-none-eabi/4.8/../../../arm-none-eabi/lib/armv6-m/libg_nano.a(lib_a-memcpy-stub.o)
 .debug_loc     0x00000000000027f5       0x21 /usr/lib/gcc/arm-none-eabi/4.8/../../../arm-none-eabi/lib/armv6-m/libg_nano.a(lib_a-strlen.o)
 .debug_loc     0x0000000000002816      0x196 /usr/lib/gcc/arm-none-eabi/4.8/../../../arm-none-eabi/lib/armv6-m/libg_nano.a(lib_a-vsnprintf.o)
 .debug_loc     0x00000000000029ac      0x53b /usr/lib/gcc/arm-none-eabi/4.8/../../../arm-none-eabi/lib/armv6-m/libg_nano.a(lib_a-nano-svfprintf.o)
 .debug_loc     0x0000000000002ee7      0x5b2 /usr/lib/gcc/arm-none-eabi/4.8/../../../arm-none-eabi/lib/armv6-m/libg_nano.a(lib_a-nano-vfprintf_i.o)
 .debug_loc     0x0000000000003499       0x78 /usr/lib/gcc/arm-none-eabi/4.8/../../../arm-none-eabi/lib/armv6-m/libg_nano.a(lib_a-memchr-stub.o)
 .debug_loc     0x0000000000003511      0x14c /usr/lib/gcc/arm-none-eabi/4.8/../../../arm-none-eabi/lib/armv6-m/libg_nano.a(lib_a-memmove.o)
 .debug_loc     0x000000000000365d      0x137 /usr/lib/gcc/arm-none-eabi/4.8/../../../arm-none-eabi/lib/armv6-m/libg_nano.a(lib_a-nano-freer.o)
 .debug_loc     0x0000000000003794      0x1ec /usr/lib/gcc/arm-none-eabi/4.8/../../../arm-none-eabi/lib/armv6-m/libg_nano.a(lib_a-nano-mallocr.o)
 .debug_loc     0x0000000000003980      0x142 /usr/lib/gcc/arm-none-eabi/4.8/../../../arm-none-eabi/lib/armv6-m/libg_nano.a(lib_a-nano-reallocr.o)
 .debug_loc     0x0000000000003ac2       0x4d /usr/lib/gcc/arm-none-eabi/4.8/../../../arm-none-eabi/lib/armv6-m/libg_nano.a(lib_a-sbrkr.o)
 .debug_loc     0x0000000000003b0f       0xa1 /usr/lib/gcc/arm-none-eabi/4.8/../../../arm-none-eabi/lib/armv6-m/libg_nano.a(lib_a-nano-msizer.o)

.debug_macinfo
 *(.debug_macinfo)

.debug_weaknames
 *(.debug_weaknames)

.debug_funcnames
 *(.debug_funcnames)

.debug_typenames
 *(.debug_typenames)

.debug_varnames
 *(.debug_varnames)
OUTPUT(LowCostBMS.elf elf32-littlearm)

.debug_ranges   0x0000000000000000      0x638
 .debug_ranges  0x0000000000000000       0x90 ./system/src/stm32f0xx/stm32f0xx_hal.o
 .debug_ranges  0x0000000000000090       0xe8 ./system/src/stm32f0xx/stm32f0xx_hal_adc.o
 .debug_ranges  0x0000000000000178       0x68 ./system/src/stm32f0xx/stm32f0xx_hal_cortex.o
 .debug_ranges  0x00000000000001e0       0x58 ./system/src/stm32f0xx/stm32f0xx_hal_dma.o
 .debug_ranges  0x0000000000000238       0x48 ./system/src/stm32f0xx/stm32f0xx_hal_gpio.o
 .debug_ranges  0x0000000000000280       0x28 ./system/src/stm32f0xx/stm32f0xx_hal_msp_template.o
 .debug_ranges  0x00000000000002a8       0x70 ./system/src/stm32f0xx/stm32f0xx_hal_rcc.o
 .debug_ranges  0x0000000000000318       0x20 ./system/src/stm32f0xx/stm32f0xx_hal_rcc_ex.o
 .debug_ranges  0x0000000000000338       0x18 ./system/src/newlib/_exit.o
 .debug_ranges  0x0000000000000350       0x10 ./system/src/newlib/_sbrk.o
 .debug_ranges  0x0000000000000360       0x48 ./system/src/newlib/_startup.o
 .debug_ranges  0x00000000000003a8       0x20 ./system/src/newlib/_syscalls.o
 .debug_ranges  0x00000000000003c8       0x28 ./system/src/diag/Trace.o
 .debug_ranges  0x00000000000003f0       0x38 ./system/src/diag/trace_impl.o
 .debug_ranges  0x0000000000000428       0x18 ./system/src/cortexm/_initialize_hardware.o
 .debug_ranges  0x0000000000000440       0x48 ./system/src/cortexm/exception_handlers.o
 .debug_ranges  0x0000000000000488       0x20 ./system/src/cmsis/startup_stm32f030x6.o
 .debug_ranges  0x00000000000004a8       0x18 ./system/src/cmsis/system_stm32f0xx.o
 .debug_ranges  0x00000000000004c0       0x20 ./src/adc.o
 .debug_ranges  0x00000000000004e0       0x10 ./src/dma.o
 .debug_ranges  0x00000000000004f0       0x10 ./src/gpio.o
 .debug_ranges  0x0000000000000500       0x18 ./src/main.o
 .debug_ranges  0x0000000000000518       0x10 /usr/lib/gcc/arm-none-eabi/4.8/../../../arm-none-eabi/lib/armv6-m/libg_nano.a(lib_a-errno.o)
 .debug_ranges  0x0000000000000528       0x10 /usr/lib/gcc/arm-none-eabi/4.8/../../../arm-none-eabi/lib/armv6-m/libg_nano.a(lib_a-memcpy-stub.o)
 .debug_ranges  0x0000000000000538       0x10 /usr/lib/gcc/arm-none-eabi/4.8/../../../arm-none-eabi/lib/armv6-m/libg_nano.a(lib_a-strlen.o)
 .debug_ranges  0x0000000000000548       0x18 /usr/lib/gcc/arm-none-eabi/4.8/../../../arm-none-eabi/lib/armv6-m/libg_nano.a(lib_a-vsnprintf.o)
 .debug_ranges  0x0000000000000560       0x38 /usr/lib/gcc/arm-none-eabi/4.8/../../../arm-none-eabi/lib/armv6-m/libg_nano.a(lib_a-nano-svfprintf.o)
 .debug_ranges  0x0000000000000598       0x18 /usr/lib/gcc/arm-none-eabi/4.8/../../../arm-none-eabi/lib/armv6-m/libg_nano.a(lib_a-nano-vfprintf_i.o)
 .debug_ranges  0x00000000000005b0       0x10 /usr/lib/gcc/arm-none-eabi/4.8/../../../arm-none-eabi/lib/armv6-m/libg_nano.a(lib_a-memchr-stub.o)
 .debug_ranges  0x00000000000005c0       0x10 /usr/lib/gcc/arm-none-eabi/4.8/../../../arm-none-eabi/lib/armv6-m/libg_nano.a(lib_a-memmove.o)
 .debug_ranges  0x00000000000005d0       0x10 /usr/lib/gcc/arm-none-eabi/4.8/../../../arm-none-eabi/lib/armv6-m/libg_nano.a(lib_a-nano-freer.o)
 .debug_ranges  0x00000000000005e0       0x28 /usr/lib/gcc/arm-none-eabi/4.8/../../../arm-none-eabi/lib/armv6-m/libg_nano.a(lib_a-nano-mallocr.o)
 .debug_ranges  0x0000000000000608       0x10 /usr/lib/gcc/arm-none-eabi/4.8/../../../arm-none-eabi/lib/armv6-m/libg_nano.a(lib_a-nano-reallocr.o)
 .debug_ranges  0x0000000000000618       0x10 /usr/lib/gcc/arm-none-eabi/4.8/../../../arm-none-eabi/lib/armv6-m/libg_nano.a(lib_a-sbrkr.o)
 .debug_ranges  0x0000000000000628       0x10 /usr/lib/gcc/arm-none-eabi/4.8/../../../arm-none-eabi/lib/armv6-m/libg_nano.a(lib_a-nano-msizer.o)

.debug_macro    0x0000000000000000     0xbe2a
 .debug_macro   0x0000000000000000      0x244 ./system/src/stm32f0xx/stm32f0xx_hal.o
 .debug_macro   0x0000000000000244      0x820 ./system/src/stm32f0xx/stm32f0xx_hal.o
 .debug_macro   0x0000000000000a64       0x9e ./system/src/stm32f0xx/stm32f0xx_hal.o
 .debug_macro   0x0000000000000b02       0x2e ./system/src/stm32f0xx/stm32f0xx_hal.o
 .debug_macro   0x0000000000000b30       0x22 ./system/src/stm32f0xx/stm32f0xx_hal.o
 .debug_macro   0x0000000000000b52       0x3a ./system/src/stm32f0xx/stm32f0xx_hal.o
 .debug_macro   0x0000000000000b8c      0x34e ./system/src/stm32f0xx/stm32f0xx_hal.o
 .debug_macro   0x0000000000000eda       0x1f ./system/src/stm32f0xx/stm32f0xx_hal.o
 .debug_macro   0x0000000000000ef9      0x242 ./system/src/stm32f0xx/stm32f0xx_hal.o
 .debug_macro   0x000000000000113b     0x33ab ./system/src/stm32f0xx/stm32f0xx_hal.o
 .debug_macro   0x00000000000044e6       0x3c ./system/src/stm32f0xx/stm32f0xx_hal.o
 .debug_macro   0x0000000000004522     0x2ac7 ./system/src/stm32f0xx/stm32f0xx_hal.o
 .debug_macro   0x0000000000006fe9       0x58 ./system/src/stm32f0xx/stm32f0xx_hal.o
 .debug_macro   0x0000000000007041       0x16 ./system/src/stm32f0xx/stm32f0xx_hal.o
 .debug_macro   0x0000000000007057       0x35 ./system/src/stm32f0xx/stm32f0xx_hal.o
 .debug_macro   0x000000000000708c       0xa3 ./system/src/stm32f0xx/stm32f0xx_hal.o
 .debug_macro   0x000000000000712f       0x16 ./system/src/stm32f0xx/stm32f0xx_hal.o
 .debug_macro   0x0000000000007145       0x4a ./system/src/stm32f0xx/stm32f0xx_hal.o
 .debug_macro   0x000000000000718f       0x97 ./system/src/stm32f0xx/stm32f0xx_hal.o
 .debug_macro   0x0000000000007226      0x280 ./system/src/stm32f0xx/stm32f0xx_hal.o
 .debug_macro   0x00000000000074a6       0xf6 ./system/src/stm32f0xx/stm32f0xx_hal.o
 .debug_macro   0x000000000000759c       0x10 ./system/src/stm32f0xx/stm32f0xx_hal.o
 .debug_macro   0x00000000000075ac       0x52 ./system/src/stm32f0xx/stm32f0xx_hal.o
 .debug_macro   0x00000000000075fe       0x16 ./system/src/stm32f0xx/stm32f0xx_hal.o
 .debug_macro   0x0000000000007614       0x43 ./system/src/stm32f0xx/stm32f0xx_hal.o
 .debug_macro   0x0000000000007657      0x180 ./system/src/stm32f0xx/stm32f0xx_hal.o
 .debug_macro   0x00000000000077d7       0x10 ./system/src/stm32f0xx/stm32f0xx_hal.o
 .debug_macro   0x00000000000077e7       0x22 ./system/src/stm32f0xx/stm32f0xx_hal.o
 .debug_macro   0x0000000000007809       0xbd ./system/src/stm32f0xx/stm32f0xx_hal.o
 .debug_macro   0x00000000000078c6       0x16 ./system/src/stm32f0xx/stm32f0xx_hal.o
 .debug_macro   0x00000000000078dc      0x16d ./system/src/stm32f0xx/stm32f0xx_hal.o
 .debug_macro   0x0000000000007a49       0x50 ./system/src/stm32f0xx/stm32f0xx_hal.o
 .debug_macro   0x0000000000007a99      0x936 ./system/src/stm32f0xx/stm32f0xx_hal.o
 .debug_macro   0x00000000000083cf       0xd0 ./system/src/stm32f0xx/stm32f0xx_hal.o
 .debug_macro   0x000000000000849f      0x13a ./system/src/stm32f0xx/stm32f0xx_hal.o
 .debug_macro   0x00000000000085d9       0xad ./system/src/stm32f0xx/stm32f0xx_hal.o
 .debug_macro   0x0000000000008686      0x1d8 ./system/src/stm32f0xx/stm32f0xx_hal.o
 .debug_macro   0x000000000000885e       0x2d ./system/src/stm32f0xx/stm32f0xx_hal.o
 .debug_macro   0x000000000000888b       0x43 ./system/src/stm32f0xx/stm32f0xx_hal.o
 .debug_macro   0x00000000000088ce       0x31 ./system/src/stm32f0xx/stm32f0xx_hal.o
 .debug_macro   0x00000000000088ff      0x344 ./system/src/stm32f0xx/stm32f0xx_hal.o
 .debug_macro   0x0000000000008c43       0xbc ./system/src/stm32f0xx/stm32f0xx_hal.o
 .debug_macro   0x0000000000008cff       0xb6 ./system/src/stm32f0xx/stm32f0xx_hal.o
 .debug_macro   0x0000000000008db5      0x15a ./system/src/stm32f0xx/stm32f0xx_hal.o
 .debug_macro   0x0000000000008f0f       0x4d ./system/src/stm32f0xx/stm32f0xx_hal.o
 .debug_macro   0x0000000000008f5c       0x2a ./system/src/stm32f0xx/stm32f0xx_hal.o
 .debug_macro   0x0000000000008f86       0xea ./system/src/stm32f0xx/stm32f0xx_hal.o
 .debug_macro   0x0000000000009070      0x244 ./system/src/stm32f0xx/stm32f0xx_hal_adc.o
 .debug_macro   0x00000000000092b4      0x220 ./system/src/stm32f0xx/stm32f0xx_hal_cortex.o
 .debug_macro   0x00000000000094d4      0x226 ./system/src/stm32f0xx/stm32f0xx_hal_dma.o
 .debug_macro   0x00000000000096fa      0x259 ./system/src/stm32f0xx/stm32f0xx_hal_gpio.o
 .debug_macro   0x0000000000009953      0x220 ./system/src/stm32f0xx/stm32f0xx_hal_msp_template.o
 .debug_macro   0x0000000000009b73      0x232 ./system/src/stm32f0xx/stm32f0xx_hal_rcc.o
 .debug_macro   0x0000000000009da5      0x232 ./system/src/stm32f0xx/stm32f0xx_hal_rcc_ex.o
 .debug_macro   0x0000000000009fd7      0x128 ./system/src/newlib/_exit.o
 .debug_macro   0x000000000000a0ff      0x10e ./system/src/newlib/_exit.o
 .debug_macro   0x000000000000a20d       0x86 ./system/src/newlib/_exit.o
 .debug_macro   0x000000000000a293       0x35 ./system/src/newlib/_exit.o
 .debug_macro   0x000000000000a2c8       0xd1 ./system/src/newlib/_sbrk.o
 .debug_macro   0x000000000000a399       0x19 ./system/src/newlib/_sbrk.o
 .debug_macro   0x000000000000a3b2      0x16d ./system/src/newlib/_sbrk.o
 .debug_macro   0x000000000000a51f       0x10 ./system/src/newlib/_sbrk.o
 .debug_macro   0x000000000000a52f      0x23b ./system/src/newlib/_sbrk.o
 .debug_macro   0x000000000000a76a       0xdb ./system/src/newlib/_startup.o
 .debug_macro   0x000000000000a845      0x158 ./system/src/newlib/_syscalls.o
 .debug_macro   0x000000000000a99d       0x1c ./system/src/newlib/_syscalls.o
 .debug_macro   0x000000000000a9b9       0x10 ./system/src/newlib/_syscalls.o
 .debug_macro   0x000000000000a9c9       0x10 ./system/src/newlib/_syscalls.o
 .debug_macro   0x000000000000a9d9       0x10 ./system/src/newlib/_syscalls.o
 .debug_macro   0x000000000000a9e9       0x35 ./system/src/newlib/_syscalls.o
 .debug_macro   0x000000000000aa1e      0x121 ./system/src/newlib/_syscalls.o
 .debug_macro   0x000000000000ab3f       0x22 ./system/src/newlib/_syscalls.o
 .debug_macro   0x000000000000ab61      0x10c ./system/src/newlib/_syscalls.o
 .debug_macro   0x000000000000ac6d      0x13a ./system/src/newlib/_syscalls.o
 .debug_macro   0x000000000000ada7       0x16 ./system/src/newlib/_syscalls.o
 .debug_macro   0x000000000000adbd      0x154 ./system/src/diag/Trace.o
 .debug_macro   0x000000000000af11       0x52 ./system/src/diag/Trace.o
 .debug_macro   0x000000000000af63       0x16 ./system/src/diag/Trace.o
 .debug_macro   0x000000000000af79       0x1f ./system/src/diag/Trace.o
 .debug_macro   0x000000000000af98      0x163 ./system/src/diag/trace_impl.o
 .debug_macro   0x000000000000b0fb       0x10 ./system/src/diag/trace_impl.o
 .debug_macro   0x000000000000b10b       0xc8 ./system/src/diag/trace_impl.o
 .debug_macro   0x000000000000b1d3       0xbe ./system/src/diag/trace_impl.o
 .debug_macro   0x000000000000b291       0x22 ./system/src/diag/trace_impl.o
 .debug_macro   0x000000000000b2b3       0x79 ./system/src/cortexm/_initialize_hardware.o
 .debug_macro   0x000000000000b32c      0x1a3 ./system/src/cortexm/exception_handlers.o
 .debug_macro   0x000000000000b4cf       0x10 ./system/src/cortexm/exception_handlers.o
 .debug_macro   0x000000000000b4df       0x7b ./system/src/cmsis/system_stm32f0xx.o
 .debug_macro   0x000000000000b55a      0x23e ./src/adc.o
 .debug_macro   0x000000000000b798      0x22a ./src/dma.o
 .debug_macro   0x000000000000b9c2      0x22a ./src/gpio.o
 .debug_macro   0x000000000000bbec      0x23e ./src/main.o
